Archive member included to satisfy reference by file (symbol)

c:/st/stm32cubeide_1.1.0/stm32cubeide/plugins/com.st.stm32cube.ide.mcu.externaltools.gnu-tools-for-stm32.7-2018-q2-update.win32_1.5.0.202011040924/tools/bin/../lib/gcc/arm-none-eabi/7.3.1/../../../../arm-none-eabi/lib/thumb/v7e-m/fpv4-sp/hard\libc_nano.a(lib_a-errno.o)
                              Core/Src/syscalls.o (__errno)
c:/st/stm32cubeide_1.1.0/stm32cubeide/plugins/com.st.stm32cube.ide.mcu.externaltools.gnu-tools-for-stm32.7-2018-q2-update.win32_1.5.0.202011040924/tools/bin/../lib/gcc/arm-none-eabi/7.3.1/../../../../arm-none-eabi/lib/thumb/v7e-m/fpv4-sp/hard\libc_nano.a(lib_a-exit.o)
                              c:/st/stm32cubeide_1.1.0/stm32cubeide/plugins/com.st.stm32cube.ide.mcu.externaltools.gnu-tools-for-stm32.7-2018-q2-update.win32_1.5.0.202011040924/tools/bin/../lib/gcc/arm-none-eabi/7.3.1/../../../../arm-none-eabi/lib/thumb/v7e-m/fpv4-sp/hard/crt0.o (exit)
c:/st/stm32cubeide_1.1.0/stm32cubeide/plugins/com.st.stm32cube.ide.mcu.externaltools.gnu-tools-for-stm32.7-2018-q2-update.win32_1.5.0.202011040924/tools/bin/../lib/gcc/arm-none-eabi/7.3.1/../../../../arm-none-eabi/lib/thumb/v7e-m/fpv4-sp/hard\libc_nano.a(lib_a-impure.o)
                              c:/st/stm32cubeide_1.1.0/stm32cubeide/plugins/com.st.stm32cube.ide.mcu.externaltools.gnu-tools-for-stm32.7-2018-q2-update.win32_1.5.0.202011040924/tools/bin/../lib/gcc/arm-none-eabi/7.3.1/../../../../arm-none-eabi/lib/thumb/v7e-m/fpv4-sp/hard\libc_nano.a(lib_a-exit.o) (_global_impure_ptr)
c:/st/stm32cubeide_1.1.0/stm32cubeide/plugins/com.st.stm32cube.ide.mcu.externaltools.gnu-tools-for-stm32.7-2018-q2-update.win32_1.5.0.202011040924/tools/bin/../lib/gcc/arm-none-eabi/7.3.1/../../../../arm-none-eabi/lib/thumb/v7e-m/fpv4-sp/hard\libc_nano.a(lib_a-init.o)
                              c:/st/stm32cubeide_1.1.0/stm32cubeide/plugins/com.st.stm32cube.ide.mcu.externaltools.gnu-tools-for-stm32.7-2018-q2-update.win32_1.5.0.202011040924/tools/bin/../lib/gcc/arm-none-eabi/7.3.1/../../../../arm-none-eabi/lib/thumb/v7e-m/fpv4-sp/hard/crt0.o (__libc_init_array)
c:/st/stm32cubeide_1.1.0/stm32cubeide/plugins/com.st.stm32cube.ide.mcu.externaltools.gnu-tools-for-stm32.7-2018-q2-update.win32_1.5.0.202011040924/tools/bin/../lib/gcc/arm-none-eabi/7.3.1/../../../../arm-none-eabi/lib/thumb/v7e-m/fpv4-sp/hard\libc_nano.a(lib_a-malloc.o)
                              Middlewares/ST/STM32_USB_Device_Library/Class/CDC/Src/usbd_cdc.o (malloc)
c:/st/stm32cubeide_1.1.0/stm32cubeide/plugins/com.st.stm32cube.ide.mcu.externaltools.gnu-tools-for-stm32.7-2018-q2-update.win32_1.5.0.202011040924/tools/bin/../lib/gcc/arm-none-eabi/7.3.1/../../../../arm-none-eabi/lib/thumb/v7e-m/fpv4-sp/hard\libc_nano.a(lib_a-memset.o)
                              c:/st/stm32cubeide_1.1.0/stm32cubeide/plugins/com.st.stm32cube.ide.mcu.externaltools.gnu-tools-for-stm32.7-2018-q2-update.win32_1.5.0.202011040924/tools/bin/../lib/gcc/arm-none-eabi/7.3.1/../../../../arm-none-eabi/lib/thumb/v7e-m/fpv4-sp/hard/crt0.o (memset)
c:/st/stm32cubeide_1.1.0/stm32cubeide/plugins/com.st.stm32cube.ide.mcu.externaltools.gnu-tools-for-stm32.7-2018-q2-update.win32_1.5.0.202011040924/tools/bin/../lib/gcc/arm-none-eabi/7.3.1/../../../../arm-none-eabi/lib/thumb/v7e-m/fpv4-sp/hard\libc_nano.a(lib_a-nano-freer.o)
                              c:/st/stm32cubeide_1.1.0/stm32cubeide/plugins/com.st.stm32cube.ide.mcu.externaltools.gnu-tools-for-stm32.7-2018-q2-update.win32_1.5.0.202011040924/tools/bin/../lib/gcc/arm-none-eabi/7.3.1/../../../../arm-none-eabi/lib/thumb/v7e-m/fpv4-sp/hard\libc_nano.a(lib_a-malloc.o) (_free_r)
c:/st/stm32cubeide_1.1.0/stm32cubeide/plugins/com.st.stm32cube.ide.mcu.externaltools.gnu-tools-for-stm32.7-2018-q2-update.win32_1.5.0.202011040924/tools/bin/../lib/gcc/arm-none-eabi/7.3.1/../../../../arm-none-eabi/lib/thumb/v7e-m/fpv4-sp/hard\libc_nano.a(lib_a-nano-mallocr.o)
                              c:/st/stm32cubeide_1.1.0/stm32cubeide/plugins/com.st.stm32cube.ide.mcu.externaltools.gnu-tools-for-stm32.7-2018-q2-update.win32_1.5.0.202011040924/tools/bin/../lib/gcc/arm-none-eabi/7.3.1/../../../../arm-none-eabi/lib/thumb/v7e-m/fpv4-sp/hard\libc_nano.a(lib_a-malloc.o) (_malloc_r)
c:/st/stm32cubeide_1.1.0/stm32cubeide/plugins/com.st.stm32cube.ide.mcu.externaltools.gnu-tools-for-stm32.7-2018-q2-update.win32_1.5.0.202011040924/tools/bin/../lib/gcc/arm-none-eabi/7.3.1/../../../../arm-none-eabi/lib/thumb/v7e-m/fpv4-sp/hard\libc_nano.a(lib_a-sbrkr.o)
                              c:/st/stm32cubeide_1.1.0/stm32cubeide/plugins/com.st.stm32cube.ide.mcu.externaltools.gnu-tools-for-stm32.7-2018-q2-update.win32_1.5.0.202011040924/tools/bin/../lib/gcc/arm-none-eabi/7.3.1/../../../../arm-none-eabi/lib/thumb/v7e-m/fpv4-sp/hard\libc_nano.a(lib_a-nano-mallocr.o) (_sbrk_r)
[...]
Memory Configuration

Name             Origin             Length             Attributes
RAM              0x0000000020000000 0x0000000000050000 xrw
FLASH            0x0000000008000000 0x0000000000100000 xr
*default*        0x0000000000000000 0xffffffffffffffff

Linker script and memory map

LOAD c:/st/stm32cubeide_1.1.0/stm32cubeide/plugins/com.st.stm32cube.ide.mcu.externaltools.gnu-tools-for-stm32.7-2018-q2-update.win32_1.5.0.202011040924/tools/bin/../lib/gcc/arm-none-eabi/7.3.1/thumb/v7e-m/fpv4-sp/hard/crti.o
LOAD c:/st/stm32cubeide_1.1.0/stm32cubeide/plugins/com.st.stm32cube.ide.mcu.externaltools.gnu-tools-for-stm32.7-2018-q2-update.win32_1.5.0.202011040924/tools/bin/../lib/gcc/arm-none-eabi/7.3.1/thumb/v7e-m/fpv4-sp/hard/crtbegin.o
LOAD c:/st/stm32cubeide_1.1.0/stm32cubeide/plugins/com.st.stm32cube.ide.mcu.externaltools.gnu-tools-for-stm32.7-2018-q2-update.win32_1.5.0.202011040924/tools/bin/../lib/gcc/arm-none-eabi/7.3.1/../../../../arm-none-eabi/lib/thumb/v7e-m/fpv4-sp/hard/crt0.o
LOAD Core/Src/delay.o
LOAD Core/Src/main.o
LOAD Core/Src/rffc.o
LOAD Core/Src/stm32l4xx_hal_msp.o
LOAD Core/Src/stm32l4xx_it.o
LOAD Core/Src/syscalls.o
LOAD Core/Src/sysmem.o
LOAD Core/Src/system_stm32l4xx.o
LOAD Core/Startup/startup_stm32l496zgtx.o
LOAD Drivers/STM32L4xx_HAL_Driver/Src/stm32l4xx_hal.o
LOAD Drivers/STM32L4xx_HAL_Driver/Src/stm32l4xx_hal_cortex.o
LOAD Drivers/STM32L4xx_HAL_Driver/Src/stm32l4xx_hal_dma.o
LOAD Drivers/STM32L4xx_HAL_Driver/Src/stm32l4xx_hal_dma_ex.o
LOAD Drivers/STM32L4xx_HAL_Driver/Src/stm32l4xx_hal_exti.o
LOAD Drivers/STM32L4xx_HAL_Driver/Src/stm32l4xx_hal_flash.o
LOAD Drivers/STM32L4xx_HAL_Driver/Src/stm32l4xx_hal_flash_ex.o
LOAD Drivers/STM32L4xx_HAL_Driver/Src/stm32l4xx_hal_flash_ramfunc.o
LOAD Drivers/STM32L4xx_HAL_Driver/Src/stm32l4xx_hal_gpio.o
LOAD Drivers/STM32L4xx_HAL_Driver/Src/stm32l4xx_hal_i2c.o
LOAD Drivers/STM32L4xx_HAL_Driver/Src/stm32l4xx_hal_i2c_ex.o
LOAD Drivers/STM32L4xx_HAL_Driver/Src/stm32l4xx_hal_pcd.o
LOAD Drivers/STM32L4xx_HAL_Driver/Src/stm32l4xx_hal_pcd_ex.o
LOAD Drivers/STM32L4xx_HAL_Driver/Src/stm32l4xx_hal_pwr.o
LOAD Drivers/STM32L4xx_HAL_Driver/Src/stm32l4xx_hal_pwr_ex.o
LOAD Drivers/STM32L4xx_HAL_Driver/Src/stm32l4xx_hal_rcc.o
LOAD Drivers/STM32L4xx_HAL_Driver/Src/stm32l4xx_hal_rcc_ex.o
LOAD Drivers/STM32L4xx_HAL_Driver/Src/stm32l4xx_hal_tim.o
LOAD Drivers/STM32L4xx_HAL_Driver/Src/stm32l4xx_hal_tim_ex.o
LOAD Drivers/STM32L4xx_HAL_Driver/Src/stm32l4xx_ll_usb.o
LOAD Middlewares/ST/STM32_USB_Device_Library/Class/CDC/Src/usbd_cdc.o
LOAD Middlewares/ST/STM32_USB_Device_Library/Core/Src/usbd_core.o
LOAD Middlewares/ST/STM32_USB_Device_Library/Core/Src/usbd_ctlreq.o
LOAD Middlewares/ST/STM32_USB_Device_Library/Core/Src/usbd_ioreq.o
LOAD USB_DEVICE/App/usb_device.o
LOAD USB_DEVICE/App/usbd_cdc_if.o
LOAD USB_DEVICE/App/usbd_desc.o
LOAD USB_DEVICE/Target/usbd_conf.o
START GROUP
LOAD c:/st/stm32cubeide_1.1.0/stm32cubeide/plugins/com.st.stm32cube.ide.mcu.externaltools.gnu-tools-for-stm32.7-2018-q2-update.win32_1.5.0.202011040924/tools/bin/../lib/gcc/arm-none-eabi/7.3.1/../../../../arm-none-eabi/lib/thumb/v7e-m/fpv4-sp/hard\libstdc++_nano.a
LOAD c:/st/stm32cubeide_1.1.0/stm32cubeide/plugins/com.st.stm32cube.ide.mcu.externaltools.gnu-tools-for-stm32.7-2018-q2-update.win32_1.5.0.202011040924/tools/bin/../lib/gcc/arm-none-eabi/7.3.1/../../../../arm-none-eabi/lib/thumb/v7e-m/fpv4-sp/hard\libsupc++_nano.a
END GROUP
LOAD c:/st/stm32cubeide_1.1.0/stm32cubeide/plugins/com.st.stm32cube.ide.mcu.externaltools.gnu-tools-for-stm32.7-2018-q2-update.win32_1.5.0.202011040924/tools/bin/../lib/gcc/arm-none-eabi/7.3.1/../../../../arm-none-eabi/lib/thumb/v7e-m/fpv4-sp/hard\libstdc++_nano.a
LOAD c:/st/stm32cubeide_1.1.0/stm32cubeide/plugins/com.st.stm32cube.ide.mcu.externaltools.gnu-tools-for-stm32.7-2018-q2-update.win32_1.5.0.202011040924/tools/bin/../lib/gcc/arm-none-eabi/7.3.1/../../../../arm-none-eabi/lib/thumb/v7e-m/fpv4-sp/hard\libm.a
LOAD c:/st/stm32cubeide_1.1.0/stm32cubeide/plugins/com.st.stm32cube.ide.mcu.externaltools.gnu-tools-for-stm32.7-2018-q2-update.win32_1.5.0.202011040924/tools/bin/../lib/gcc/arm-none-eabi/7.3.1/../../../../arm-none-eabi/lib/thumb/v7e-m/fpv4-sp/hard\libc_nano.a
START GROUP
LOAD c:/st/stm32cubeide_1.1.0/stm32cubeide/plugins/com.st.stm32cube.ide.mcu.externaltools.gnu-tools-for-stm32.7-2018-q2-update.win32_1.5.0.202011040924/tools/bin/../lib/gcc/arm-none-eabi/7.3.1/thumb/v7e-m/fpv4-sp/hard\libgcc.a
LOAD c:/st/stm32cubeide_1.1.0/stm32cubeide/plugins/com.st.stm32cube.ide.mcu.externaltools.gnu-tools-for-stm32.7-2018-q2-update.win32_1.5.0.202011040924/tools/bin/../lib/gcc/arm-none-eabi/7.3.1/../../../../arm-none-eabi/lib/thumb/v7e-m/fpv4-sp/hard\libc_nano.a
END GROUP
START GROUP
LOAD c:/st/stm32cubeide_1.1.0/stm32cubeide/plugins/com.st.stm32cube.ide.mcu.externaltools.gnu-tools-for-stm32.7-2018-q2-update.win32_1.5.0.202011040924/tools/bin/../lib/gcc/arm-none-eabi/7.3.1/thumb/v7e-m/fpv4-sp/hard\libgcc.a
LOAD c:/st/stm32cubeide_1.1.0/stm32cubeide/plugins/com.st.stm32cube.ide.mcu.externaltools.gnu-tools-for-stm32.7-2018-q2-update.win32_1.5.0.202011040924/tools/bin/../lib/gcc/arm-none-eabi/7.3.1/../../../../arm-none-eabi/lib/thumb/v7e-m/fpv4-sp/hard\libc_nano.a
LOAD c:/st/stm32cubeide_1.1.0/stm32cubeide/plugins/com.st.stm32cube.ide.mcu.externaltools.gnu-tools-for-stm32.7-2018-q2-update.win32_1.5.0.202011040924/tools/bin/../lib/gcc/arm-none-eabi/7.3.1/../../../../arm-none-eabi/lib/thumb/v7e-m/fpv4-sp/hard\libnosys.a
END GROUP
START GROUP
LOAD c:/st/stm32cubeide_1.1.0/stm32cubeide/plugins/com.st.stm32cube.ide.mcu.externaltools.gnu-tools-for-stm32.7-2018-q2-update.win32_1.5.0.202011040924/tools/bin/../lib/gcc/arm-none-eabi/7.3.1/thumb/v7e-m/fpv4-sp/hard\libgcc.a
LOAD c:/st/stm32cubeide_1.1.0/stm32cubeide/plugins/com.st.stm32cube.ide.mcu.externaltools.gnu-tools-for-stm32.7-2018-q2-update.win32_1.5.0.202011040924/tools/bin/../lib/gcc/arm-none-eabi/7.3.1/../../../../arm-none-eabi/lib/thumb/v7e-m/fpv4-sp/hard\libc_nano.a
LOAD c:/st/stm32cubeide_1.1.0/stm32cubeide/plugins/com.st.stm32cube.ide.mcu.externaltools.gnu-tools-for-stm32.7-2018-q2-update.win32_1.5.0.202011040924/tools/bin/../lib/gcc/arm-none-eabi/7.3.1/../../../../arm-none-eabi/lib/thumb/v7e-m/fpv4-sp/hard\libnosys.a
END GROUP
LOAD c:/st/stm32cubeide_1.1.0/stm32cubeide/plugins/com.st.stm32cube.ide.mcu.externaltools.gnu-tools-for-stm32.7-2018-q2-update.win32_1.5.0.202011040924/tools/bin/../lib/gcc/arm-none-eabi/7.3.1/thumb/v7e-m/fpv4-sp/hard/crtend.o
LOAD c:/st/stm32cubeide_1.1.0/stm32cubeide/plugins/com.st.stm32cube.ide.mcu.externaltools.gnu-tools-for-stm32.7-2018-q2-update.win32_1.5.0.202011040924/tools/bin/../lib/gcc/arm-none-eabi/7.3.1/thumb/v7e-m/fpv4-sp/hard/crtn.o
                0x0000000020050000                _estack = (ORIGIN (RAM) + LENGTH (RAM))
                0x0000000000000200                _Min_Heap_Size = 0x200
                0x0000000000000400                _Min_Stack_Size = 0x400

.isr_vector     0x0000000008000000      0x1ac
                0x0000000008000000                . = ALIGN (0x4)
 *(.isr_vector)
 .isr_vector    0x0000000008000000      0x1ac Core/Startup/startup_stm32l496zgtx.o
                0x0000000008000000                g_pfnVectors
                0x00000000080001ac                . = ALIGN (0x4)

.text           0x00000000080001b0     0x824c
                0x00000000080001b0                . = ALIGN (0x4)
 *(.text)
 .text          0x00000000080001b0       0x40 c:/st/stm32cubeide_1.1.0/stm32cubeide/plugins/com.st.stm32cube.ide.mcu.externaltools.gnu-tools-for-stm32.7-2018-q2-update.win32_1.5.0.202011040924/tools/bin/../lib/gcc/arm-none-eabi/7.3.1/thumb/v7e-m/fpv4-sp/hard/crtbegin.o
 .text          0x00000000080001f0       0x10 c:/st/stm32cubeide_1.1.0/stm32cubeide/plugins/com.st.stm32cube.ide.mcu.externaltools.gnu-tools-for-stm32.7-2018-q2-update.win32_1.5.0.202011040924/tools/bin/../lib/gcc/arm-none-eabi/7.3.1/../../../../arm-none-eabi/lib/thumb/v7e-m/fpv4-sp/hard\libc_nano.a(lib_a-strlen.o)
                0x00000000080001f0                strlen
 .text          0x0000000008000200       0xa0 c:/st/stm32cubeide_1.1.0/stm32cubeide/plugins/com.st.stm32cube.ide.mcu.externaltools.gnu-tools-for-stm32.7-2018-q2-update.win32_1.5.0.202011040924/tools/bin/../lib/gcc/arm-none-eabi/7.3.1/../../../../arm-none-eabi/lib/thumb/v7e-m/fpv4-sp/hard\libc_nano.a(lib_a-memchr.o)
                0x0000000008000200                memchr
 *(.text*)
 .text._Z8delay_usmP17TIM_HandleTypeDef
                0x00000000080002a0       0x36 Core/Src/delay.o
                0x00000000080002a0                delay_us(unsigned long, TIM_HandleTypeDef*)
 .text._Z8usbPrintPKc
                0x00000000080002d6       0x22 Core/Src/main.o
                0x00000000080002d6                usbPrint(char const*)
 .text.main     0x00000000080002f8      0x17c Core/Src/main.o
                0x00000000080002f8                main
 .text.SystemClock_Config
                0x0000000008000474      0x142 Core/Src/main.o
                0x0000000008000474                SystemClock_Config
 *fill*         0x00000000080005b6        0x2 
 .text._ZL12MX_TIM2_Initv
                0x00000000080005b8       0xb8 Core/Src/main.o
 .text._ZL12MX_GPIO_Initv
                0x0000000008000670       0xe0 Core/Src/main.o
 .text._ZL14MXEX_GPIO_INITv
                0x0000000008000750       0x64 Core/Src/main.o
 .text.Error_Handler
                0x00000000080007b4        0x8 Core/Src/main.o
                0x00000000080007b4                Error_Handler
 .text._ZN4RFFCC2EP12GPIO_TypeDeftS1_tS1_tS1_t
                0x00000000080007bc       0x4e Core/Src/rffc.o
                0x00000000080007bc                RFFC::RFFC(GPIO_TypeDef*, unsigned short, GPIO_TypeDef*, unsigned short, GPIO_TypeDef*, unsigned short, GPIO_TypeDef*, unsigned short)
                0x00000000080007bc                RFFC::RFFC(GPIO_TypeDef*, unsigned short, GPIO_TypeDef*, unsigned short, GPIO_TypeDef*, unsigned short, GPIO_TypeDef*, unsigned short)
 .text._ZN4RFFC9resetHighEv
                0x000000000800080a       0x20 Core/Src/rffc.o
                0x000000000800080a                RFFC::resetHigh()
 .text._ZN4RFFC8resetLowEv
                0x000000000800082a       0x20 Core/Src/rffc.o
                0x000000000800082a                RFFC::resetLow()
 *fill*         0x000000000800084a        0x2 
 .text._ZN4RFFC4readEh
                0x000000000800084c      0x278 Core/Src/rffc.o
                0x000000000800084c                RFFC::read(unsigned char)
 .text._ZN4RFFC18changePinDirectionEP12GPIO_TypeDeftt
                0x0000000008000ac4       0x56 Core/Src/rffc.o
                0x0000000008000ac4                RFFC::changePinDirection(GPIO_TypeDef*, unsigned short, unsigned short)
 *fill*         0x0000000008000b1a        0x2 
 .text.HAL_MspInit
                0x0000000008000b1c       0x48 Core/Src/stm32l4xx_hal_msp.o
                0x0000000008000b1c                HAL_MspInit
 .text.HAL_TIM_Base_MspInit
                0x0000000008000b64       0x3c Core/Src/stm32l4xx_hal_msp.o
                0x0000000008000b64                HAL_TIM_Base_MspInit
 .text.NMI_Handler
                0x0000000008000ba0        0x6 Core/Src/stm32l4xx_it.o
                0x0000000008000ba0                NMI_Handler
 .text.HardFault_Handler
                0x0000000008000ba6        0x6 Core/Src/stm32l4xx_it.o
                0x0000000008000ba6                HardFault_Handler
 .text.MemManage_Handler
                0x0000000008000bac        0x6 Core/Src/stm32l4xx_it.o
                0x0000000008000bac                MemManage_Handler
 .text.BusFault_Handler
                0x0000000008000bb2        0x6 Core/Src/stm32l4xx_it.o
                0x0000000008000bb2                BusFault_Handler
 .text.UsageFault_Handler
                0x0000000008000bb8        0x6 Core/Src/stm32l4xx_it.o
                0x0000000008000bb8                UsageFault_Handler
 .text.SVC_Handler
                0x0000000008000bbe        0xe Core/Src/stm32l4xx_it.o
                0x0000000008000bbe                SVC_Handler
 .text.DebugMon_Handler
                0x0000000008000bcc        0xe Core/Src/stm32l4xx_it.o
                0x0000000008000bcc                DebugMon_Handler
 .text.PendSV_Handler
                0x0000000008000bda        0xe Core/Src/stm32l4xx_it.o
                0x0000000008000bda                PendSV_Handler
 .text.SysTick_Handler
                0x0000000008000be8        0xc Core/Src/stm32l4xx_it.o
                0x0000000008000be8                SysTick_Handler
 .text.OTG_FS_IRQHandler
                0x0000000008000bf4       0x14 Core/Src/stm32l4xx_it.o
                0x0000000008000bf4                OTG_FS_IRQHandler
 .text._sbrk    0x0000000008000c08       0x6c Core/Src/sysmem.o
                0x0000000008000c08                _sbrk
 .text.SystemInit
                0x0000000008000c74       0x6c Core/Src/system_stm32l4xx.o
                0x0000000008000c74                SystemInit
 .text.Reset_Handler
                0x0000000008000ce0       0x50 Core/Startup/startup_stm32l496zgtx.o
                0x0000000008000ce0                Reset_Handler
 .text.Default_Handler
                0x0000000008000d30        0x2 Core/Startup/startup_stm32l496zgtx.o
                0x0000000008000d30                RTC_Alarm_IRQHandler
                0x0000000008000d30                EXTI2_IRQHandler
                0x0000000008000d30                TIM8_TRG_COM_IRQHandler
                0x0000000008000d30                TIM8_CC_IRQHandler
                0x0000000008000d30                TIM1_CC_IRQHandler
                0x0000000008000d30                TSC_IRQHandler
                0x0000000008000d30                TAMP_STAMP_IRQHandler
                0x0000000008000d30                CAN2_RX1_IRQHandler
                0x0000000008000d30                EXTI3_IRQHandler
                0x0000000008000d30                LPTIM2_IRQHandler
                0x0000000008000d30                DFSDM1_FLT1_IRQHandler
                0x0000000008000d30                I2C3_ER_IRQHandler
                0x0000000008000d30                DFSDM1_FLT2_IRQHandler
                0x0000000008000d30                EXTI0_IRQHandler
                0x0000000008000d30                I2C2_EV_IRQHandler
                0x0000000008000d30                CAN1_RX0_IRQHandler
                0x0000000008000d30                FPU_IRQHandler
                0x0000000008000d30                TIM1_UP_TIM16_IRQHandler
                0x0000000008000d30                CAN2_SCE_IRQHandler
                0x0000000008000d30                ADC1_2_IRQHandler
                0x0000000008000d30                SPI1_IRQHandler
                0x0000000008000d30                TIM6_DAC_IRQHandler
                0x0000000008000d30                DCMI_IRQHandler
                0x0000000008000d30                CAN2_RX0_IRQHandler
                0x0000000008000d30                TIM8_UP_IRQHandler
                0x0000000008000d30                DMA2_Channel2_IRQHandler
                0x0000000008000d30                DMA1_Channel4_IRQHandler
                0x0000000008000d30                SAI2_IRQHandler
                0x0000000008000d30                DFSDM1_FLT3_IRQHandler
                0x0000000008000d30                USART3_IRQHandler
                0x0000000008000d30                DMA1_Channel7_IRQHandler
                0x0000000008000d30                CAN1_RX1_IRQHandler
                0x0000000008000d30                LCD_IRQHandler
                0x0000000008000d30                UART5_IRQHandler
                0x0000000008000d30                ADC3_IRQHandler
                0x0000000008000d30                TIM4_IRQHandler
                0x0000000008000d30                DMA2_Channel1_IRQHandler
                0x0000000008000d30                QUADSPI_IRQHandler
                0x0000000008000d30                I2C1_EV_IRQHandler
                0x0000000008000d30                DMA1_Channel6_IRQHandler
                0x0000000008000d30                UART4_IRQHandler
                0x0000000008000d30                DMA2_Channel4_IRQHandler
                0x0000000008000d30                TIM3_IRQHandler
                0x0000000008000d30                RCC_IRQHandler
                0x0000000008000d30                DMA1_Channel1_IRQHandler
                0x0000000008000d30                Default_Handler
                0x0000000008000d30                DMA2_Channel7_IRQHandler
                0x0000000008000d30                EXTI15_10_IRQHandler
                0x0000000008000d30                TIM7_IRQHandler
                0x0000000008000d30                SDMMC1_IRQHandler
                0x0000000008000d30                CAN2_TX_IRQHandler
                0x0000000008000d30                TIM5_IRQHandler
                0x0000000008000d30                I2C3_EV_IRQHandler
                0x0000000008000d30                EXTI9_5_IRQHandler
                0x0000000008000d30                RTC_WKUP_IRQHandler
                0x0000000008000d30                PVD_PVM_IRQHandler
                0x0000000008000d30                SPI2_IRQHandler
                0x0000000008000d30                CAN1_TX_IRQHandler
                0x0000000008000d30                DMA2_Channel5_IRQHandler
                0x0000000008000d30                CRS_IRQHandler
                0x0000000008000d30                DMA1_Channel5_IRQHandler
                0x0000000008000d30                EXTI4_IRQHandler
                0x0000000008000d30                RNG_IRQHandler
                0x0000000008000d30                TIM1_TRG_COM_TIM17_IRQHandler
                0x0000000008000d30                DMA1_Channel3_IRQHandler
                0x0000000008000d30                COMP_IRQHandler
                0x0000000008000d30                WWDG_IRQHandler
                0x0000000008000d30                I2C4_EV_IRQHandler
                0x0000000008000d30                LPUART1_IRQHandler
                0x0000000008000d30                DMA2_Channel6_IRQHandler
                0x0000000008000d30                TIM2_IRQHandler
                0x0000000008000d30                EXTI1_IRQHandler
                0x0000000008000d30                USART2_IRQHandler
                0x0000000008000d30                DFSDM1_FLT0_IRQHandler
                0x0000000008000d30                I2C2_ER_IRQHandler
                0x0000000008000d30                DMA1_Channel2_IRQHandler
                0x0000000008000d30                TIM8_BRK_IRQHandler
                0x0000000008000d30                CAN1_SCE_IRQHandler
                0x0000000008000d30                FLASH_IRQHandler
                0x0000000008000d30                USART1_IRQHandler
                0x0000000008000d30                SPI3_IRQHandler
                0x0000000008000d30                I2C1_ER_IRQHandler
                0x0000000008000d30                FMC_IRQHandler
                0x0000000008000d30                SWPMI1_IRQHandler
                0x0000000008000d30                LPTIM1_IRQHandler
                0x0000000008000d30                I2C4_ER_IRQHandler
                0x0000000008000d30                SAI1_IRQHandler
                0x0000000008000d30                DMA2_Channel3_IRQHandler
                0x0000000008000d30                TIM1_BRK_TIM15_IRQHandler
 .text.HAL_Init
                0x0000000008000d32       0x30 Drivers/STM32L4xx_HAL_Driver/Src/stm32l4xx_hal.o
                0x0000000008000d32                HAL_Init
 *fill*         0x0000000008000d62        0x2 
 .text.HAL_InitTick
                0x0000000008000d64       0x78 Drivers/STM32L4xx_HAL_Driver/Src/stm32l4xx_hal.o
                0x0000000008000d64                HAL_InitTick
 .text.HAL_IncTick
                0x0000000008000ddc       0x28 Drivers/STM32L4xx_HAL_Driver/Src/stm32l4xx_hal.o
                0x0000000008000ddc                HAL_IncTick
 .text.HAL_GetTick
                0x0000000008000e04       0x18 Drivers/STM32L4xx_HAL_Driver/Src/stm32l4xx_hal.o
                0x0000000008000e04                HAL_GetTick
 .text.HAL_Delay
                0x0000000008000e1c       0x44 Drivers/STM32L4xx_HAL_Driver/Src/stm32l4xx_hal.o
                0x0000000008000e1c                HAL_Delay
 .text.__NVIC_SetPriorityGrouping
                0x0000000008000e60       0x48 Drivers/STM32L4xx_HAL_Driver/Src/stm32l4xx_hal_cortex.o
 .text.__NVIC_GetPriorityGrouping
                0x0000000008000ea8       0x1c Drivers/STM32L4xx_HAL_Driver/Src/stm32l4xx_hal_cortex.o
 .text.__NVIC_EnableIRQ
                0x0000000008000ec4       0x3c Drivers/STM32L4xx_HAL_Driver/Src/stm32l4xx_hal_cortex.o
 .text.__NVIC_SetPriority
                0x0000000008000f00       0x54 Drivers/STM32L4xx_HAL_Driver/Src/stm32l4xx_hal_cortex.o
 .text.NVIC_EncodePriority
                0x0000000008000f54       0x66 Drivers/STM32L4xx_HAL_Driver/Src/stm32l4xx_hal_cortex.o
 *fill*         0x0000000008000fba        0x2 
 .text.SysTick_Config
                0x0000000008000fbc       0x44 Drivers/STM32L4xx_HAL_Driver/Src/stm32l4xx_hal_cortex.o
 .text.HAL_NVIC_SetPriorityGrouping
                0x0000000008001000       0x16 Drivers/STM32L4xx_HAL_Driver/Src/stm32l4xx_hal_cortex.o
                0x0000000008001000                HAL_NVIC_SetPriorityGrouping
 .text.HAL_NVIC_SetPriority
                0x0000000008001016       0x38 Drivers/STM32L4xx_HAL_Driver/Src/stm32l4xx_hal_cortex.o
                0x0000000008001016                HAL_NVIC_SetPriority
 .text.HAL_NVIC_EnableIRQ
                0x000000000800104e       0x1c Drivers/STM32L4xx_HAL_Driver/Src/stm32l4xx_hal_cortex.o
                0x000000000800104e                HAL_NVIC_EnableIRQ
 .text.HAL_SYSTICK_Config
                0x000000000800106a       0x18 Drivers/STM32L4xx_HAL_Driver/Src/stm32l4xx_hal_cortex.o
                0x000000000800106a                HAL_SYSTICK_Config
 *fill*         0x0000000008001082        0x2 
 .text.HAL_GPIO_Init
                0x0000000008001084      0x324 Drivers/STM32L4xx_HAL_Driver/Src/stm32l4xx_hal_gpio.o
                0x0000000008001084                HAL_GPIO_Init
 .text.HAL_GPIO_ReadPin
                0x00000000080013a8       0x30 Drivers/STM32L4xx_HAL_Driver/Src/stm32l4xx_hal_gpio.o
                0x00000000080013a8                HAL_GPIO_ReadPin
 .text.HAL_GPIO_WritePin
                0x00000000080013d8       0x30 Drivers/STM32L4xx_HAL_Driver/Src/stm32l4xx_hal_gpio.o
                0x00000000080013d8                HAL_GPIO_WritePin
 .text.HAL_PCD_Init
                0x0000000008001408      0x248 Drivers/STM32L4xx_HAL_Driver/Src/stm32l4xx_hal_pcd.o
                0x0000000008001408                HAL_PCD_Init
 .text.HAL_PCD_Start
                0x0000000008001650       0x5e Drivers/STM32L4xx_HAL_Driver/Src/stm32l4xx_hal_pcd.o
                0x0000000008001650                HAL_PCD_Start
 .text.HAL_PCD_IRQHandler
                0x00000000080016ae      0x748 Drivers/STM32L4xx_HAL_Driver/Src/stm32l4xx_hal_pcd.o
                0x00000000080016ae                HAL_PCD_IRQHandler
 .text.HAL_PCD_SetAddress
                0x0000000008001df6       0x4a Drivers/STM32L4xx_HAL_Driver/Src/stm32l4xx_hal_pcd.o
                0x0000000008001df6                HAL_PCD_SetAddress
 .text.HAL_PCD_EP_Open
                0x0000000008001e40       0xd0 Drivers/STM32L4xx_HAL_Driver/Src/stm32l4xx_hal_pcd.o
                0x0000000008001e40                HAL_PCD_EP_Open
 .text.HAL_PCD_EP_Close
                0x0000000008001f10       0x94 Drivers/STM32L4xx_HAL_Driver/Src/stm32l4xx_hal_pcd.o
                0x0000000008001f10                HAL_PCD_EP_Close
 .text.HAL_PCD_EP_Receive
                0x0000000008001fa4       0x7c Drivers/STM32L4xx_HAL_Driver/Src/stm32l4xx_hal_pcd.o
                0x0000000008001fa4                HAL_PCD_EP_Receive
 .text.HAL_PCD_EP_GetRxCount
                0x0000000008002020       0x30 Drivers/STM32L4xx_HAL_Driver/Src/stm32l4xx_hal_pcd.o
                0x0000000008002020                HAL_PCD_EP_GetRxCount
 .text.HAL_PCD_EP_Transmit
                0x0000000008002050       0x7a Drivers/STM32L4xx_HAL_Driver/Src/stm32l4xx_hal_pcd.o
                0x0000000008002050                HAL_PCD_EP_Transmit
 .text.HAL_PCD_EP_SetStall
                0x00000000080020ca       0xc4 Drivers/STM32L4xx_HAL_Driver/Src/stm32l4xx_hal_pcd.o
                0x00000000080020ca                HAL_PCD_EP_SetStall
 .text.HAL_PCD_EP_ClrStall
                0x000000000800218e       0xac Drivers/STM32L4xx_HAL_Driver/Src/stm32l4xx_hal_pcd.o
                0x000000000800218e                HAL_PCD_EP_ClrStall
 .text.PCD_WriteEmptyTxFifo
                0x000000000800223a      0x110 Drivers/STM32L4xx_HAL_Driver/Src/stm32l4xx_hal_pcd.o
 *fill*         0x000000000800234a        0x2 
 .text.PCD_EP_OutXfrComplete_int
                0x000000000800234c       0x9c Drivers/STM32L4xx_HAL_Driver/Src/stm32l4xx_hal_pcd.o
 .text.PCD_EP_OutSetupPacket_int
                0x00000000080023e8       0x68 Drivers/STM32L4xx_HAL_Driver/Src/stm32l4xx_hal_pcd.o
 .text.HAL_PCDEx_SetTxFiFo
                0x0000000008002450       0x8e Drivers/STM32L4xx_HAL_Driver/Src/stm32l4xx_hal_pcd_ex.o
                0x0000000008002450                HAL_PCDEx_SetTxFiFo
 .text.HAL_PCDEx_SetRxFiFo
                0x00000000080024de       0x22 Drivers/STM32L4xx_HAL_Driver/Src/stm32l4xx_hal_pcd_ex.o
                0x00000000080024de                HAL_PCDEx_SetRxFiFo
 .text.HAL_PCDEx_ActivateLPM
                0x0000000008002500       0x48 Drivers/STM32L4xx_HAL_Driver/Src/stm32l4xx_hal_pcd_ex.o
                0x0000000008002500                HAL_PCDEx_ActivateLPM
 .text.HAL_PWREx_GetVoltageRange
                0x0000000008002548       0x1c Drivers/STM32L4xx_HAL_Driver/Src/stm32l4xx_hal_pwr_ex.o
                0x0000000008002548                HAL_PWREx_GetVoltageRange
 .text.HAL_PWREx_ControlVoltageScaling
                0x0000000008002564       0xac Drivers/STM32L4xx_HAL_Driver/Src/stm32l4xx_hal_pwr_ex.o
                0x0000000008002564                HAL_PWREx_ControlVoltageScaling
 .text.HAL_PWREx_EnableVddUSB
                0x0000000008002610       0x20 Drivers/STM32L4xx_HAL_Driver/Src/stm32l4xx_hal_pwr_ex.o
                0x0000000008002610                HAL_PWREx_EnableVddUSB
 .text.HAL_RCC_OscConfig
                0x0000000008002630      0x84c Drivers/STM32L4xx_HAL_Driver/Src/stm32l4xx_hal_rcc.o
                0x0000000008002630                HAL_RCC_OscConfig
 .text.HAL_RCC_ClockConfig
                0x0000000008002e7c      0x1c4 Drivers/STM32L4xx_HAL_Driver/Src/stm32l4xx_hal_rcc.o
                0x0000000008002e7c                HAL_RCC_ClockConfig
 .text.HAL_RCC_GetSysClockFreq
                0x0000000008003040      0x114 Drivers/STM32L4xx_HAL_Driver/Src/stm32l4xx_hal_rcc.o
                0x0000000008003040                HAL_RCC_GetSysClockFreq
 .text.HAL_RCC_GetHCLKFreq
                0x0000000008003154       0x18 Drivers/STM32L4xx_HAL_Driver/Src/stm32l4xx_hal_rcc.o
                0x0000000008003154                HAL_RCC_GetHCLKFreq
 .text.RCC_SetFlashLatencyFromMSIRange
                0x000000000800316c       0xc0 Drivers/STM32L4xx_HAL_Driver/Src/stm32l4xx_hal_rcc.o
 .text.HAL_RCCEx_PeriphCLKConfig
                0x000000000800322c      0x5f0 Drivers/STM32L4xx_HAL_Driver/Src/stm32l4xx_hal_rcc_ex.o
                0x000000000800322c                HAL_RCCEx_PeriphCLKConfig
 .text.HAL_RCCEx_EnableMSIPLLMode
                0x000000000800381c       0x20 Drivers/STM32L4xx_HAL_Driver/Src/stm32l4xx_hal_rcc_ex.o
                0x000000000800381c                HAL_RCCEx_EnableMSIPLLMode
 .text.RCCEx_PLLSAI1_Config
                0x000000000800383c      0x1e0 Drivers/STM32L4xx_HAL_Driver/Src/stm32l4xx_hal_rcc_ex.o
 .text.RCCEx_PLLSAI2_Config
                0x0000000008003a1c      0x1b4 Drivers/STM32L4xx_HAL_Driver/Src/stm32l4xx_hal_rcc_ex.o
 .text.HAL_TIM_Base_Init
                0x0000000008003bd0       0xae Drivers/STM32L4xx_HAL_Driver/Src/stm32l4xx_hal_tim.o
                0x0000000008003bd0                HAL_TIM_Base_Init
 *fill*         0x0000000008003c7e        0x2 
 .text.HAL_TIM_Base_Start
                0x0000000008003c80       0xd0 Drivers/STM32L4xx_HAL_Driver/Src/stm32l4xx_hal_tim.o
                0x0000000008003c80                HAL_TIM_Base_Start
 .text.HAL_TIM_ConfigClockSource
                0x0000000008003d50      0x172 Drivers/STM32L4xx_HAL_Driver/Src/stm32l4xx_hal_tim.o
                0x0000000008003d50                HAL_TIM_ConfigClockSource
 *fill*         0x0000000008003ec2        0x2 
 .text.TIM_Base_SetConfig
                0x0000000008003ec4      0x134 Drivers/STM32L4xx_HAL_Driver/Src/stm32l4xx_hal_tim.o
                0x0000000008003ec4                TIM_Base_SetConfig
 .text.TIM_TI1_ConfigInputStage
                0x0000000008003ff8       0x5e Drivers/STM32L4xx_HAL_Driver/Src/stm32l4xx_hal_tim.o
 .text.TIM_TI2_ConfigInputStage
                0x0000000008004056       0x60 Drivers/STM32L4xx_HAL_Driver/Src/stm32l4xx_hal_tim.o
 .text.TIM_ITRx_SetConfig
                0x00000000080040b6       0x36 Drivers/STM32L4xx_HAL_Driver/Src/stm32l4xx_hal_tim.o
 .text.TIM_ETR_SetConfig
                0x00000000080040ec       0x40 Drivers/STM32L4xx_HAL_Driver/Src/stm32l4xx_hal_tim.o
                0x00000000080040ec                TIM_ETR_SetConfig
 .text.HAL_TIMEx_MasterConfigSynchronization
                0x000000000800412c      0x110 Drivers/STM32L4xx_HAL_Driver/Src/stm32l4xx_hal_tim_ex.o
                0x000000000800412c                HAL_TIMEx_MasterConfigSynchronization
 .text.USB_CoreInit
                0x000000000800423c       0xa4 Drivers/STM32L4xx_HAL_Driver/Src/stm32l4xx_ll_usb.o
                0x000000000800423c                USB_CoreInit
 .text.USB_SetTurnaroundTime
                0x00000000080042e0      0x138 Drivers/STM32L4xx_HAL_Driver/Src/stm32l4xx_ll_usb.o
                0x00000000080042e0                USB_SetTurnaroundTime
 .text.USB_EnableGlobalInt
                0x0000000008004418       0x22 Drivers/STM32L4xx_HAL_Driver/Src/stm32l4xx_ll_usb.o
                0x0000000008004418                USB_EnableGlobalInt
 .text.USB_DisableGlobalInt
                0x000000000800443a       0x22 Drivers/STM32L4xx_HAL_Driver/Src/stm32l4xx_ll_usb.o
                0x000000000800443a                USB_DisableGlobalInt
 .text.USB_SetCurrentMode
                0x000000000800445c       0x54 Drivers/STM32L4xx_HAL_Driver/Src/stm32l4xx_ll_usb.o
                0x000000000800445c                USB_SetCurrentMode
 .text.USB_DevInit
                0x00000000080044b0      0x298 Drivers/STM32L4xx_HAL_Driver/Src/stm32l4xx_ll_usb.o
                0x00000000080044b0                USB_DevInit
 .text.USB_FlushTxFifo
                0x0000000008004748       0x4c Drivers/STM32L4xx_HAL_Driver/Src/stm32l4xx_ll_usb.o
                0x0000000008004748                USB_FlushTxFifo
 .text.USB_FlushRxFifo
                0x0000000008004794       0x44 Drivers/STM32L4xx_HAL_Driver/Src/stm32l4xx_ll_usb.o
                0x0000000008004794                USB_FlushRxFifo
 .text.USB_SetDevSpeed
                0x00000000080047d8       0x32 Drivers/STM32L4xx_HAL_Driver/Src/stm32l4xx_ll_usb.o
                0x00000000080047d8                USB_SetDevSpeed
 .text.USB_GetDevSpeed
                0x000000000800480a       0x3e Drivers/STM32L4xx_HAL_Driver/Src/stm32l4xx_ll_usb.o
                0x000000000800480a                USB_GetDevSpeed
 .text.USB_ActivateEndpoint
                0x0000000008004848      0x10e Drivers/STM32L4xx_HAL_Driver/Src/stm32l4xx_ll_usb.o
                0x0000000008004848                USB_ActivateEndpoint
 *fill*         0x0000000008004956        0x2 
 .text.USB_DeactivateEndpoint
                0x0000000008004958      0x1b8 Drivers/STM32L4xx_HAL_Driver/Src/stm32l4xx_ll_usb.o
                0x0000000008004958                USB_DeactivateEndpoint
 .text.USB_EPStartXfer
                0x0000000008004b10      0x3b8 Drivers/STM32L4xx_HAL_Driver/Src/stm32l4xx_ll_usb.o
                0x0000000008004b10                USB_EPStartXfer
 .text.USB_EP0StartXfer
                0x0000000008004ec8      0x23c Drivers/STM32L4xx_HAL_Driver/Src/stm32l4xx_ll_usb.o
                0x0000000008004ec8                USB_EP0StartXfer
 .text.USB_WritePacket
                0x0000000008005104       0x62 Drivers/STM32L4xx_HAL_Driver/Src/stm32l4xx_ll_usb.o
                0x0000000008005104                USB_WritePacket
 .text.USB_ReadPacket
                0x0000000008005166       0x52 Drivers/STM32L4xx_HAL_Driver/Src/stm32l4xx_ll_usb.o
                0x0000000008005166                USB_ReadPacket
 .text.USB_EPSetStall
                0x00000000080051b8       0xdc Drivers/STM32L4xx_HAL_Driver/Src/stm32l4xx_ll_usb.o
                0x00000000080051b8                USB_EPSetStall
 .text.USB_EPClearStall
                0x0000000008005294       0xcc Drivers/STM32L4xx_HAL_Driver/Src/stm32l4xx_ll_usb.o
                0x0000000008005294                USB_EPClearStall
 .text.USB_SetDevAddress
                0x0000000008005360       0x4c Drivers/STM32L4xx_HAL_Driver/Src/stm32l4xx_ll_usb.o
                0x0000000008005360                USB_SetDevAddress
 .text.USB_DevConnect
                0x00000000080053ac       0x42 Drivers/STM32L4xx_HAL_Driver/Src/stm32l4xx_ll_usb.o
                0x00000000080053ac                USB_DevConnect
 .text.USB_DevDisconnect
                0x00000000080053ee       0x42 Drivers/STM32L4xx_HAL_Driver/Src/stm32l4xx_ll_usb.o
                0x00000000080053ee                USB_DevDisconnect
 .text.USB_ReadInterrupts
                0x0000000008005430       0x26 Drivers/STM32L4xx_HAL_Driver/Src/stm32l4xx_ll_usb.o
                0x0000000008005430                USB_ReadInterrupts
 .text.USB_ReadDevAllOutEpInterrupt
                0x0000000008005456       0x34 Drivers/STM32L4xx_HAL_Driver/Src/stm32l4xx_ll_usb.o
                0x0000000008005456                USB_ReadDevAllOutEpInterrupt
 .text.USB_ReadDevAllInEpInterrupt
                0x000000000800548a       0x34 Drivers/STM32L4xx_HAL_Driver/Src/stm32l4xx_ll_usb.o
                0x000000000800548a                USB_ReadDevAllInEpInterrupt
 .text.USB_ReadDevOutEPInterrupt
                0x00000000080054be       0x3c Drivers/STM32L4xx_HAL_Driver/Src/stm32l4xx_ll_usb.o
                0x00000000080054be                USB_ReadDevOutEPInterrupt
 .text.USB_ReadDevInEPInterrupt
                0x00000000080054fa       0x5c Drivers/STM32L4xx_HAL_Driver/Src/stm32l4xx_ll_usb.o
                0x00000000080054fa                USB_ReadDevInEPInterrupt
 .text.USB_GetMode
                0x0000000008005556       0x1c Drivers/STM32L4xx_HAL_Driver/Src/stm32l4xx_ll_usb.o
                0x0000000008005556                USB_GetMode
 .text.USB_ActivateSetup
                0x0000000008005572       0x46 Drivers/STM32L4xx_HAL_Driver/Src/stm32l4xx_ll_usb.o
                0x0000000008005572                USB_ActivateSetup
 .text.USB_EP0_OutStart
                0x00000000080055b8       0x90 Drivers/STM32L4xx_HAL_Driver/Src/stm32l4xx_ll_usb.o
                0x00000000080055b8                USB_EP0_OutStart
 .text.USB_CoreReset
                0x0000000008005648       0x68 Drivers/STM32L4xx_HAL_Driver/Src/stm32l4xx_ll_usb.o
 .text.USBD_CDC_Init
                0x00000000080056b0      0x100 Middlewares/ST/STM32_USB_Device_Library/Class/CDC/Src/usbd_cdc.o
 .text.USBD_CDC_DeInit
                0x00000000080057b0       0x74 Middlewares/ST/STM32_USB_Device_Library/Class/CDC/Src/usbd_cdc.o
 .text.USBD_CDC_Setup
                0x0000000008005824      0x178 Middlewares/ST/STM32_USB_Device_Library/Class/CDC/Src/usbd_cdc.o
 .text.USBD_CDC_DataIn
                0x000000000800599c       0xca Middlewares/ST/STM32_USB_Device_Library/Class/CDC/Src/usbd_cdc.o
 .text.USBD_CDC_DataOut
                0x0000000008005a66       0x56 Middlewares/ST/STM32_USB_Device_Library/Class/CDC/Src/usbd_cdc.o
 .text.USBD_CDC_EP0_RxReady
                0x0000000008005abc       0x50 Middlewares/ST/STM32_USB_Device_Library/Class/CDC/Src/usbd_cdc.o
 .text.USBD_CDC_GetFSCfgDesc
                0x0000000008005b0c       0x20 Middlewares/ST/STM32_USB_Device_Library/Class/CDC/Src/usbd_cdc.o
 .text.USBD_CDC_GetHSCfgDesc
                0x0000000008005b2c       0x20 Middlewares/ST/STM32_USB_Device_Library/Class/CDC/Src/usbd_cdc.o
 .text.USBD_CDC_GetOtherSpeedCfgDesc
                0x0000000008005b4c       0x20 Middlewares/ST/STM32_USB_Device_Library/Class/CDC/Src/usbd_cdc.o
 .text.USBD_CDC_GetDeviceQualifierDescriptor
                0x0000000008005b6c       0x20 Middlewares/ST/STM32_USB_Device_Library/Class/CDC/Src/usbd_cdc.o
                0x0000000008005b6c                USBD_CDC_GetDeviceQualifierDescriptor
 .text.USBD_CDC_RegisterInterface
                0x0000000008005b8c       0x2a Middlewares/ST/STM32_USB_Device_Library/Class/CDC/Src/usbd_cdc.o
                0x0000000008005b8c                USBD_CDC_RegisterInterface
 .text.USBD_CDC_SetTxBuffer
                0x0000000008005bb6       0x32 Middlewares/ST/STM32_USB_Device_Library/Class/CDC/Src/usbd_cdc.o
                0x0000000008005bb6                USBD_CDC_SetTxBuffer
 .text.USBD_CDC_SetRxBuffer
                0x0000000008005be8       0x28 Middlewares/ST/STM32_USB_Device_Library/Class/CDC/Src/usbd_cdc.o
                0x0000000008005be8                USBD_CDC_SetRxBuffer
 .text.USBD_CDC_TransmitPacket
                0x0000000008005c10       0x60 Middlewares/ST/STM32_USB_Device_Library/Class/CDC/Src/usbd_cdc.o
                0x0000000008005c10                USBD_CDC_TransmitPacket
 .text.USBD_CDC_ReceivePacket
                0x0000000008005c70       0x54 Middlewares/ST/STM32_USB_Device_Library/Class/CDC/Src/usbd_cdc.o
                0x0000000008005c70                USBD_CDC_ReceivePacket
 .text.USBD_Init
                0x0000000008005cc4       0x60 Middlewares/ST/STM32_USB_Device_Library/Core/Src/usbd_core.o
                0x0000000008005cc4                USBD_Init
 .text.USBD_RegisterClass
                0x0000000008005d24       0x4e Middlewares/ST/STM32_USB_Device_Library/Core/Src/usbd_core.o
                0x0000000008005d24                USBD_RegisterClass
 .text.USBD_Start
                0x0000000008005d72       0x18 Middlewares/ST/STM32_USB_Device_Library/Core/Src/usbd_core.o
                0x0000000008005d72                USBD_Start
 .text.USBD_RunTestMode
                0x0000000008005d8a       0x16 Middlewares/ST/STM32_USB_Device_Library/Core/Src/usbd_core.o
                0x0000000008005d8a                USBD_RunTestMode
 .text.USBD_SetClassConfig
                0x0000000008005da0       0x38 Middlewares/ST/STM32_USB_Device_Library/Core/Src/usbd_core.o
                0x0000000008005da0                USBD_SetClassConfig
 .text.USBD_ClrClassConfig
                0x0000000008005dd8       0x30 Middlewares/ST/STM32_USB_Device_Library/Core/Src/usbd_core.o
                0x0000000008005dd8                USBD_ClrClassConfig
 .text.USBD_LL_SetupStage
                0x0000000008005e08       0xa6 Middlewares/ST/STM32_USB_Device_Library/Core/Src/usbd_core.o
                0x0000000008005e08                USBD_LL_SetupStage
 .text.USBD_LL_DataOutStage
                0x0000000008005eae       0xc6 Middlewares/ST/STM32_USB_Device_Library/Core/Src/usbd_core.o
                0x0000000008005eae                USBD_LL_DataOutStage
 .text.USBD_LL_DataInStage
                0x0000000008005f74      0x12c Middlewares/ST/STM32_USB_Device_Library/Core/Src/usbd_core.o
                0x0000000008005f74                USBD_LL_DataInStage
 .text.USBD_LL_Reset
                0x00000000080060a0       0x82 Middlewares/ST/STM32_USB_Device_Library/Core/Src/usbd_core.o
                0x00000000080060a0                USBD_LL_Reset
 .text.USBD_LL_SetSpeed
                0x0000000008006122       0x20 Middlewares/ST/STM32_USB_Device_Library/Core/Src/usbd_core.o
                0x0000000008006122                USBD_LL_SetSpeed
 .text.USBD_LL_Suspend
                0x0000000008006142       0x2a Middlewares/ST/STM32_USB_Device_Library/Core/Src/usbd_core.o
                0x0000000008006142                USBD_LL_Suspend
 .text.USBD_LL_Resume
                0x000000000800616c       0x2c Middlewares/ST/STM32_USB_Device_Library/Core/Src/usbd_core.o
                0x000000000800616c                USBD_LL_Resume
 .text.USBD_LL_SOF
                0x0000000008006198       0x34 Middlewares/ST/STM32_USB_Device_Library/Core/Src/usbd_core.o
                0x0000000008006198                USBD_LL_SOF
 .text.USBD_LL_IsoINIncomplete
                0x00000000080061cc       0x1a Middlewares/ST/STM32_USB_Device_Library/Core/Src/usbd_core.o
                0x00000000080061cc                USBD_LL_IsoINIncomplete
 .text.USBD_LL_IsoOUTIncomplete
                0x00000000080061e6       0x1a Middlewares/ST/STM32_USB_Device_Library/Core/Src/usbd_core.o
                0x00000000080061e6                USBD_LL_IsoOUTIncomplete
 .text.USBD_LL_DevConnected
                0x0000000008006200       0x16 Middlewares/ST/STM32_USB_Device_Library/Core/Src/usbd_core.o
                0x0000000008006200                USBD_LL_DevConnected
 .text.USBD_LL_DevDisconnected
                0x0000000008006216       0x38 Middlewares/ST/STM32_USB_Device_Library/Core/Src/usbd_core.o
                0x0000000008006216                USBD_LL_DevDisconnected
 .text.SWAPBYTE
                0x000000000800624e       0x3c Middlewares/ST/STM32_USB_Device_Library/Core/Src/usbd_ctlreq.o
 *fill*         0x000000000800628a        0x2 
 .text.USBD_StdDevReq
                0x000000000800628c       0xdc Middlewares/ST/STM32_USB_Device_Library/Core/Src/usbd_ctlreq.o
                0x000000000800628c                USBD_StdDevReq
 .text.USBD_StdItfReq
                0x0000000008006368       0x8c Middlewares/ST/STM32_USB_Device_Library/Core/Src/usbd_ctlreq.o
                0x0000000008006368                USBD_StdItfReq
 .text.USBD_StdEPReq
                0x00000000080063f4      0x2ae Middlewares/ST/STM32_USB_Device_Library/Core/Src/usbd_ctlreq.o
                0x00000000080063f4                USBD_StdEPReq
 *fill*         0x00000000080066a2        0x2 
 .text.USBD_GetDescriptor
                0x00000000080066a4      0x328 Middlewares/ST/STM32_USB_Device_Library/Core/Src/usbd_ctlreq.o
 .text.USBD_SetAddress
                0x00000000080069cc       0x84 Middlewares/ST/STM32_USB_Device_Library/Core/Src/usbd_ctlreq.o
 .text.USBD_SetConfig
                0x0000000008006a50      0x148 Middlewares/ST/STM32_USB_Device_Library/Core/Src/usbd_ctlreq.o
 .text.USBD_GetConfig
                0x0000000008006b98       0x68 Middlewares/ST/STM32_USB_Device_Library/Core/Src/usbd_ctlreq.o
 .text.USBD_GetStatus
                0x0000000008006c00       0x66 Middlewares/ST/STM32_USB_Device_Library/Core/Src/usbd_ctlreq.o
 .text.USBD_SetFeature
                0x0000000008006c66       0x28 Middlewares/ST/STM32_USB_Device_Library/Core/Src/usbd_ctlreq.o
 .text.USBD_ClrFeature
                0x0000000008006c8e       0x42 Middlewares/ST/STM32_USB_Device_Library/Core/Src/usbd_ctlreq.o
 .text.USBD_ParseSetupRequest
                0x0000000008006cd0       0x74 Middlewares/ST/STM32_USB_Device_Library/Core/Src/usbd_ctlreq.o
                0x0000000008006cd0                USBD_ParseSetupRequest
 .text.USBD_CtlError
                0x0000000008006d44       0x22 Middlewares/ST/STM32_USB_Device_Library/Core/Src/usbd_ctlreq.o
                0x0000000008006d44                USBD_CtlError
 .text.USBD_GetString
                0x0000000008006d66       0x8c Middlewares/ST/STM32_USB_Device_Library/Core/Src/usbd_ctlreq.o
                0x0000000008006d66                USBD_GetString
 .text.USBD_GetLen
                0x0000000008006df2       0x34 Middlewares/ST/STM32_USB_Device_Library/Core/Src/usbd_ctlreq.o
 .text.USBD_CtlSendData
                0x0000000008006e26       0x36 Middlewares/ST/STM32_USB_Device_Library/Core/Src/usbd_ioreq.o
                0x0000000008006e26                USBD_CtlSendData
 .text.USBD_CtlContinueSendData
                0x0000000008006e5c       0x22 Middlewares/ST/STM32_USB_Device_Library/Core/Src/usbd_ioreq.o
                0x0000000008006e5c                USBD_CtlContinueSendData
 .text.USBD_CtlPrepareRx
                0x0000000008006e7e       0x3a Middlewares/ST/STM32_USB_Device_Library/Core/Src/usbd_ioreq.o
                0x0000000008006e7e                USBD_CtlPrepareRx
 .text.USBD_CtlContinueRx
                0x0000000008006eb8       0x22 Middlewares/ST/STM32_USB_Device_Library/Core/Src/usbd_ioreq.o
                0x0000000008006eb8                USBD_CtlContinueRx
 .text.USBD_CtlSendStatus
                0x0000000008006eda       0x26 Middlewares/ST/STM32_USB_Device_Library/Core/Src/usbd_ioreq.o
                0x0000000008006eda                USBD_CtlSendStatus
 .text.USBD_CtlReceiveStatus
                0x0000000008006f00       0x26 Middlewares/ST/STM32_USB_Device_Library/Core/Src/usbd_ioreq.o
                0x0000000008006f00                USBD_CtlReceiveStatus
 *fill*         0x0000000008006f26        0x2 
 .text.MX_USB_DEVICE_Init
                0x0000000008006f28       0x60 USB_DEVICE/App/usb_device.o
                0x0000000008006f28                MX_USB_DEVICE_Init
 .text.CDC_Init_FS
                0x0000000008006f88       0x28 USB_DEVICE/App/usbd_cdc_if.o
 .text.CDC_DeInit_FS
                0x0000000008006fb0       0x10 USB_DEVICE/App/usbd_cdc_if.o
 .text.CDC_Control_FS
                0x0000000008006fc0       0xbc USB_DEVICE/App/usbd_cdc_if.o
 .text.CDC_Receive_FS
                0x000000000800707c       0x28 USB_DEVICE/App/usbd_cdc_if.o
 .text.CDC_Transmit_FS
                0x00000000080070a4       0x4c USB_DEVICE/App/usbd_cdc_if.o
                0x00000000080070a4                CDC_Transmit_FS
 .text.CDC_TransmitCplt_FS
                0x00000000080070f0       0x22 USB_DEVICE/App/usbd_cdc_if.o
 *fill*         0x0000000008007112        0x2 
 .text.USBD_FS_DeviceDescriptor
                0x0000000008007114       0x24 USB_DEVICE/App/usbd_desc.o
                0x0000000008007114                USBD_FS_DeviceDescriptor
 .text.USBD_FS_LangIDStrDescriptor
                0x0000000008007138       0x24 USB_DEVICE/App/usbd_desc.o
                0x0000000008007138                USBD_FS_LangIDStrDescriptor
 .text.USBD_FS_ProductStrDescriptor
                0x000000000800715c       0x3c USB_DEVICE/App/usbd_desc.o
                0x000000000800715c                USBD_FS_ProductStrDescriptor
 .text.USBD_FS_ManufacturerStrDescriptor
                0x0000000008007198       0x28 USB_DEVICE/App/usbd_desc.o
                0x0000000008007198                USBD_FS_ManufacturerStrDescriptor
 .text.USBD_FS_SerialStrDescriptor
                0x00000000080071c0       0x24 USB_DEVICE/App/usbd_desc.o
                0x00000000080071c0                USBD_FS_SerialStrDescriptor
 .text.USBD_FS_ConfigStrDescriptor
                0x00000000080071e4       0x3c USB_DEVICE/App/usbd_desc.o
                0x00000000080071e4                USBD_FS_ConfigStrDescriptor
 .text.USBD_FS_InterfaceStrDescriptor
                0x0000000008007220       0x3c USB_DEVICE/App/usbd_desc.o
                0x0000000008007220                USBD_FS_InterfaceStrDescriptor
 .text.USBD_FS_USR_BOSDescriptor
                0x000000000800725c       0x24 USB_DEVICE/App/usbd_desc.o
                0x000000000800725c                USBD_FS_USR_BOSDescriptor
 .text.Get_SerialNum
                0x0000000008007280       0x58 USB_DEVICE/App/usbd_desc.o
 .text.IntToUnicode
                0x00000000080072d8       0x7c USB_DEVICE/App/usbd_desc.o
 .text.HAL_PCD_MspInit
                0x0000000008007354       0xcc USB_DEVICE/Target/usbd_conf.o
                0x0000000008007354                HAL_PCD_MspInit
 .text.HAL_PCD_SetupStageCallback
                0x0000000008007420       0x24 USB_DEVICE/Target/usbd_conf.o
                0x0000000008007420                HAL_PCD_SetupStageCallback
 .text.HAL_PCD_DataOutStageCallback
                0x0000000008007444       0x36 USB_DEVICE/Target/usbd_conf.o
                0x0000000008007444                HAL_PCD_DataOutStageCallback
 .text.HAL_PCD_DataInStageCallback
                0x000000000800747a       0x34 USB_DEVICE/Target/usbd_conf.o
                0x000000000800747a                HAL_PCD_DataInStageCallback
 .text.HAL_PCD_SOFCallback
                0x00000000080074ae       0x1c USB_DEVICE/Target/usbd_conf.o
                0x00000000080074ae                HAL_PCD_SOFCallback
 .text.HAL_PCD_ResetCallback
                0x00000000080074ca       0x3c USB_DEVICE/Target/usbd_conf.o
                0x00000000080074ca                HAL_PCD_ResetCallback
 *fill*         0x0000000008007506        0x2 
 .text.HAL_PCD_SuspendCallback
                0x0000000008007508       0x4c USB_DEVICE/Target/usbd_conf.o
                0x0000000008007508                HAL_PCD_SuspendCallback
 .text.HAL_PCD_ResumeCallback
                0x0000000008007554       0x50 USB_DEVICE/Target/usbd_conf.o
                0x0000000008007554                HAL_PCD_ResumeCallback
 .text.HAL_PCD_ISOOUTIncompleteCallback
                0x00000000080075a4       0x24 USB_DEVICE/Target/usbd_conf.o
                0x00000000080075a4                HAL_PCD_ISOOUTIncompleteCallback
 .text.HAL_PCD_ISOINIncompleteCallback
                0x00000000080075c8       0x24 USB_DEVICE/Target/usbd_conf.o
                0x00000000080075c8                HAL_PCD_ISOINIncompleteCallback
 .text.HAL_PCD_ConnectCallback
                0x00000000080075ec       0x1c USB_DEVICE/Target/usbd_conf.o
                0x00000000080075ec                HAL_PCD_ConnectCallback
 .text.HAL_PCD_DisconnectCallback
                0x0000000008007608       0x1c USB_DEVICE/Target/usbd_conf.o
                0x0000000008007608                HAL_PCD_DisconnectCallback
 .text.USBD_LL_Init
                0x0000000008007624       0x98 USB_DEVICE/Target/usbd_conf.o
                0x0000000008007624                USBD_LL_Init
 .text.USBD_LL_Start
                0x00000000080076bc       0x64 USB_DEVICE/Target/usbd_conf.o
                0x00000000080076bc                USBD_LL_Start
 .text.USBD_LL_OpenEP
                0x0000000008007720       0x7c USB_DEVICE/Target/usbd_conf.o
                0x0000000008007720                USBD_LL_OpenEP
 .text.USBD_LL_CloseEP
                0x000000000800779c       0x6c USB_DEVICE/Target/usbd_conf.o
                0x000000000800779c                USBD_LL_CloseEP
 .text.USBD_LL_StallEP
                0x0000000008007808       0x6c USB_DEVICE/Target/usbd_conf.o
                0x0000000008007808                USBD_LL_StallEP
 .text.USBD_LL_ClearStallEP
                0x0000000008007874       0x6c USB_DEVICE/Target/usbd_conf.o
                0x0000000008007874                USBD_LL_ClearStallEP
 .text.USBD_LL_IsStallEP
                0x00000000080078e0       0x58 USB_DEVICE/Target/usbd_conf.o
                0x00000000080078e0                USBD_LL_IsStallEP
 .text.USBD_LL_SetUSBAddress
                0x0000000008007938       0x6c USB_DEVICE/Target/usbd_conf.o
                0x0000000008007938                USBD_LL_SetUSBAddress
 .text.USBD_LL_Transmit
                0x00000000080079a4       0x70 USB_DEVICE/Target/usbd_conf.o
                0x00000000080079a4                USBD_LL_Transmit
 .text.USBD_LL_PrepareReceive
                0x0000000008007a14       0x70 USB_DEVICE/Target/usbd_conf.o
                0x0000000008007a14                USBD_LL_PrepareReceive
 .text.USBD_LL_GetRxDataSize
                0x0000000008007a84       0x26 USB_DEVICE/Target/usbd_conf.o
                0x0000000008007a84                USBD_LL_GetRxDataSize
 *fill*         0x0000000008007aaa        0x2 
 .text.HAL_PCDEx_LPM_Callback
                0x0000000008007aac       0x9c USB_DEVICE/Target/usbd_conf.o
                0x0000000008007aac                HAL_PCDEx_LPM_Callback
 .text.SystemClockConfig_Resume
                0x0000000008007b48        0xc USB_DEVICE/Target/usbd_conf.o
 .text.__errno  0x0000000008007b54        0xc c:/st/stm32cubeide_1.1.0/stm32cubeide/plugins/com.st.stm32cube.ide.mcu.externaltools.gnu-tools-for-stm32.7-2018-q2-update.win32_1.5.0.202011040924/tools/bin/../lib/gcc/arm-none-eabi/7.3.1/../../../../arm-none-eabi/lib/thumb/v7e-m/fpv4-sp/hard\libc_nano.a(lib_a-errno.o)
                0x0000000008007b54                __errno
 .text.__libc_init_array
                0x0000000008007b60       0x48 c:/st/stm32cubeide_1.1.0/stm32cubeide/plugins/com.st.stm32cube.ide.mcu.externaltools.gnu-tools-for-stm32.7-2018-q2-update.win32_1.5.0.202011040924/tools/bin/../lib/gcc/arm-none-eabi/7.3.1/../../../../arm-none-eabi/lib/thumb/v7e-m/fpv4-sp/hard\libc_nano.a(lib_a-init.o)
                0x0000000008007b60                __libc_init_array
 .text.malloc   0x0000000008007ba8       0x10 c:/st/stm32cubeide_1.1.0/stm32cubeide/plugins/com.st.stm32cube.ide.mcu.externaltools.gnu-tools-for-stm32.7-2018-q2-update.win32_1.5.0.202011040924/tools/bin/../lib/gcc/arm-none-eabi/7.3.1/../../../../arm-none-eabi/lib/thumb/v7e-m/fpv4-sp/hard\libc_nano.a(lib_a-malloc.o)
                0x0000000008007ba8                malloc
 .text.free     0x0000000008007bb8       0x10 c:/st/stm32cubeide_1.1.0/stm32cubeide/plugins/com.st.stm32cube.ide.mcu.externaltools.gnu-tools-for-stm32.7-2018-q2-update.win32_1.5.0.202011040924/tools/bin/../lib/gcc/arm-none-eabi/7.3.1/../../../../arm-none-eabi/lib/thumb/v7e-m/fpv4-sp/hard\libc_nano.a(lib_a-malloc.o)
                0x0000000008007bb8                free
 .text.memset   0x0000000008007bc8       0x10 c:/st/stm32cubeide_1.1.0/stm32cubeide/plugins/com.st.stm32cube.ide.mcu.externaltools.gnu-tools-for-stm32.7-2018-q2-update.win32_1.5.0.202011040924/tools/bin/../lib/gcc/arm-none-eabi/7.3.1/../../../../arm-none-eabi/lib/thumb/v7e-m/fpv4-sp/hard\libc_nano.a(lib_a-memset.o)
                0x0000000008007bc8                memset
 .text._free_r  0x0000000008007bd8       0x9c c:/st/stm32cubeide_1.1.0/stm32cubeide/plugins/com.st.stm32cube.ide.mcu.externaltools.gnu-tools-for-stm32.7-2018-q2-update.win32_1.5.0.202011040924/tools/bin/../lib/gcc/arm-none-eabi/7.3.1/../../../../arm-none-eabi/lib/thumb/v7e-m/fpv4-sp/hard\libc_nano.a(lib_a-nano-freer.o)
                0x0000000008007bd8                _free_r
 .text._malloc_r
                0x0000000008007c74       0xb4 c:/st/stm32cubeide_1.1.0/stm32cubeide/plugins/com.st.stm32cube.ide.mcu.externaltools.gnu-tools-for-stm32.7-2018-q2-update.win32_1.5.0.202011040924/tools/bin/../lib/gcc/arm-none-eabi/7.3.1/../../../../arm-none-eabi/lib/thumb/v7e-m/fpv4-sp/hard\libc_nano.a(lib_a-nano-mallocr.o)
                0x0000000008007c74                _malloc_r
 .text._sbrk_r  0x0000000008007d28       0x20 c:/st/stm32cubeide_1.1.0/stm32cubeide/plugins/com.st.stm32cube.ide.mcu.externaltools.gnu-tools-for-stm32.7-2018-q2-update.win32_1.5.0.202011040924/tools/bin/../lib/gcc/arm-none-eabi/7.3.1/../../../../arm-none-eabi/lib/thumb/v7e-m/fpv4-sp/hard\libc_nano.a(lib_a-sbrkr.o)
                0x0000000008007d28                _sbrk_r
 .text.sprintf  0x0000000008007d48       0x40 c:/st/stm32cubeide_1.1.0/stm32cubeide/plugins/com.st.stm32cube.ide.mcu.externaltools.gnu-tools-for-stm32.7-2018-q2-update.win32_1.5.0.202011040924/tools/bin/../lib/gcc/arm-none-eabi/7.3.1/../../../../arm-none-eabi/lib/thumb/v7e-m/fpv4-sp/hard\libc_nano.a(lib_a-sprintf.o)
                0x0000000008007d48                siprintf
                0x0000000008007d48                sprintf
 .text.__malloc_lock
                0x0000000008007d88        0x2 c:/st/stm32cubeide_1.1.0/stm32cubeide/plugins/com.st.stm32cube.ide.mcu.externaltools.gnu-tools-for-stm32.7-2018-q2-update.win32_1.5.0.202011040924/tools/bin/../lib/gcc/arm-none-eabi/7.3.1/../../../../arm-none-eabi/lib/thumb/v7e-m/fpv4-sp/hard\libc_nano.a(lib_a-mlock.o)
                0x0000000008007d88                __malloc_lock
 .text.__malloc_unlock
                0x0000000008007d8a        0x2 c:/st/stm32cubeide_1.1.0/stm32cubeide/plugins/com.st.stm32cube.ide.mcu.externaltools.gnu-tools-for-stm32.7-2018-q2-update.win32_1.5.0.202011040924/tools/bin/../lib/gcc/arm-none-eabi/7.3.1/../../../../arm-none-eabi/lib/thumb/v7e-m/fpv4-sp/hard\libc_nano.a(lib_a-mlock.o)
                0x0000000008007d8a                __malloc_unlock
 .text.__ssputs_r
                0x0000000008007d8c       0xb4 c:/st/stm32cubeide_1.1.0/stm32cubeide/plugins/com.st.stm32cube.ide.mcu.externaltools.gnu-tools-for-stm32.7-2018-q2-update.win32_1.5.0.202011040924/tools/bin/../lib/gcc/arm-none-eabi/7.3.1/../../../../arm-none-eabi/lib/thumb/v7e-m/fpv4-sp/hard\libc_nano.a(lib_a-nano-svfprintf.o)
                0x0000000008007d8c                __ssputs_r
 .text._svfprintf_r
                0x0000000008007e40      0x1f0 c:/st/stm32cubeide_1.1.0/stm32cubeide/plugins/com.st.stm32cube.ide.mcu.externaltools.gnu-tools-for-stm32.7-2018-q2-update.win32_1.5.0.202011040924/tools/bin/../lib/gcc/arm-none-eabi/7.3.1/../../../../arm-none-eabi/lib/thumb/v7e-m/fpv4-sp/hard\libc_nano.a(lib_a-nano-svfprintf.o)
                0x0000000008007e40                _svfiprintf_r
                0x0000000008007e40                _svfprintf_r
 .text._printf_common
                0x0000000008008030       0xea c:/st/stm32cubeide_1.1.0/stm32cubeide/plugins/com.st.stm32cube.ide.mcu.externaltools.gnu-tools-for-stm32.7-2018-q2-update.win32_1.5.0.202011040924/tools/bin/../lib/gcc/arm-none-eabi/7.3.1/../../../../arm-none-eabi/lib/thumb/v7e-m/fpv4-sp/hard\libc_nano.a(lib_a-nano-vfprintf_i.o)
                0x0000000008008030                _printf_common
 *fill*         0x000000000800811a        0x2 
 .text._printf_i
                0x000000000800811c      0x224 c:/st/stm32cubeide_1.1.0/stm32cubeide/plugins/com.st.stm32cube.ide.mcu.externaltools.gnu-tools-for-stm32.7-2018-q2-update.win32_1.5.0.202011040924/tools/bin/../lib/gcc/arm-none-eabi/7.3.1/../../../../arm-none-eabi/lib/thumb/v7e-m/fpv4-sp/hard\libc_nano.a(lib_a-nano-vfprintf_i.o)
                0x000000000800811c                _printf_i
 .text.memcpy   0x0000000008008340       0x16 c:/st/stm32cubeide_1.1.0/stm32cubeide/plugins/com.st.stm32cube.ide.mcu.externaltools.gnu-tools-for-stm32.7-2018-q2-update.win32_1.5.0.202011040924/tools/bin/../lib/gcc/arm-none-eabi/7.3.1/../../../../arm-none-eabi/lib/thumb/v7e-m/fpv4-sp/hard\libc_nano.a(lib_a-memcpy-stub.o)
                0x0000000008008340                memcpy
 .text.memmove  0x0000000008008356       0x32 c:/st/stm32cubeide_1.1.0/stm32cubeide/plugins/com.st.stm32cube.ide.mcu.externaltools.gnu-tools-for-stm32.7-2018-q2-update.win32_1.5.0.202011040924/tools/bin/../lib/gcc/arm-none-eabi/7.3.1/../../../../arm-none-eabi/lib/thumb/v7e-m/fpv4-sp/hard\libc_nano.a(lib_a-memmove.o)
                0x0000000008008356                memmove
 .text._realloc_r
                0x0000000008008388       0x4c c:/st/stm32cubeide_1.1.0/stm32cubeide/plugins/com.st.stm32cube.ide.mcu.externaltools.gnu-tools-for-stm32.7-2018-q2-update.win32_1.5.0.202011040924/tools/bin/../lib/gcc/arm-none-eabi/7.3.1/../../../../arm-none-eabi/lib/thumb/v7e-m/fpv4-sp/hard\libc_nano.a(lib_a-nano-reallocr.o)
                0x0000000008008388                _realloc_r
 .text._malloc_usable_size_r
                0x00000000080083d4       0x10 c:/st/stm32cubeide_1.1.0/stm32cubeide/plugins/com.st.stm32cube.ide.mcu.externaltools.gnu-tools-for-stm32.7-2018-q2-update.win32_1.5.0.202011040924/tools/bin/../lib/gcc/arm-none-eabi/7.3.1/../../../../arm-none-eabi/lib/thumb/v7e-m/fpv4-sp/hard\libc_nano.a(lib_a-nano-msizer.o)
                0x00000000080083d4                _malloc_usable_size_r
 *(.glue_7)
 .glue_7        0x00000000080083e4        0x0 linker stubs
 *(.glue_7t)
 .glue_7t       0x00000000080083e4        0x0 linker stubs
 *(.eh_frame)
 .eh_frame      0x00000000080083e4        0x0 c:/st/stm32cubeide_1.1.0/stm32cubeide/plugins/com.st.stm32cube.ide.mcu.externaltools.gnu-tools-for-stm32.7-2018-q2-update.win32_1.5.0.202011040924/tools/bin/../lib/gcc/arm-none-eabi/7.3.1/thumb/v7e-m/fpv4-sp/hard/crtbegin.o
 *(.init)
 .init          0x00000000080083e4        0x4 c:/st/stm32cubeide_1.1.0/stm32cubeide/plugins/com.st.stm32cube.ide.mcu.externaltools.gnu-tools-for-stm32.7-2018-q2-update.win32_1.5.0.202011040924/tools/bin/../lib/gcc/arm-none-eabi/7.3.1/thumb/v7e-m/fpv4-sp/hard/crti.o
                0x00000000080083e4                _init
 .init          0x00000000080083e8        0x8 c:/st/stm32cubeide_1.1.0/stm32cubeide/plugins/com.st.stm32cube.ide.mcu.externaltools.gnu-tools-for-stm32.7-2018-q2-update.win32_1.5.0.202011040924/tools/bin/../lib/gcc/arm-none-eabi/7.3.1/thumb/v7e-m/fpv4-sp/hard/crtn.o
 *(.fini)
 .fini          0x00000000080083f0        0x4 c:/st/stm32cubeide_1.1.0/stm32cubeide/plugins/com.st.stm32cube.ide.mcu.externaltools.gnu-tools-for-stm32.7-2018-q2-update.win32_1.5.0.202011040924/tools/bin/../lib/gcc/arm-none-eabi/7.3.1/thumb/v7e-m/fpv4-sp/hard/crti.o
                0x00000000080083f0                _fini
 .fini          0x00000000080083f4        0x8 c:/st/stm32cubeide_1.1.0/stm32cubeide/plugins/com.st.stm32cube.ide.mcu.externaltools.gnu-tools-for-stm32.7-2018-q2-update.win32_1.5.0.202011040924/tools/bin/../lib/gcc/arm-none-eabi/7.3.1/thumb/v7e-m/fpv4-sp/hard/crtn.o
                0x00000000080083fc                . = ALIGN (0x4)
                0x00000000080083fc                _etext = .

.vfp11_veneer   0x00000000080083fc        0x0
 .vfp11_veneer  0x00000000080083fc        0x0 linker stubs

.v4_bx          0x00000000080083fc        0x0
 .v4_bx         0x00000000080083fc        0x0 linker stubs

.iplt           0x00000000080083fc        0x0
 .iplt          0x00000000080083fc        0x0 c:/st/stm32cubeide_1.1.0/stm32cubeide/plugins/com.st.stm32cube.ide.mcu.externaltools.gnu-tools-for-stm32.7-2018-q2-update.win32_1.5.0.202011040924/tools/bin/../lib/gcc/arm-none-eabi/7.3.1/thumb/v7e-m/fpv4-sp/hard/crtbegin.o

.rodata         0x00000000080083fc      0x124
                0x00000000080083fc                . = ALIGN (0x4)
 *(.rodata)
 .rodata        0x00000000080083fc       0x68 Core/Src/main.o
 .rodata        0x0000000008008464       0x46 USB_DEVICE/App/usbd_desc.o
 *(.rodata*)
 *fill*         0x00000000080084aa        0x2 
 .rodata.AHBPrescTable
                0x00000000080084ac       0x10 Core/Src/system_stm32l4xx.o
                0x00000000080084ac                AHBPrescTable
 .rodata.MSIRangeTable
                0x00000000080084bc       0x30 Core/Src/system_stm32l4xx.o
                0x00000000080084bc                MSIRangeTable
 .rodata._svfprintf_r.str1.1
                0x00000000080084ec       0x11 c:/st/stm32cubeide_1.1.0/stm32cubeide/plugins/com.st.stm32cube.ide.mcu.externaltools.gnu-tools-for-stm32.7-2018-q2-update.win32_1.5.0.202011040924/tools/bin/../lib/gcc/arm-none-eabi/7.3.1/../../../../arm-none-eabi/lib/thumb/v7e-m/fpv4-sp/hard\libc_nano.a(lib_a-nano-svfprintf.o)
 .rodata._printf_i.str1.1
                0x00000000080084fd       0x22 c:/st/stm32cubeide_1.1.0/stm32cubeide/plugins/com.st.stm32cube.ide.mcu.externaltools.gnu-tools-for-stm32.7-2018-q2-update.win32_1.5.0.202011040924/tools/bin/../lib/gcc/arm-none-eabi/7.3.1/../../../../arm-none-eabi/lib/thumb/v7e-m/fpv4-sp/hard\libc_nano.a(lib_a-nano-vfprintf_i.o)
                0x0000000008008520                . = ALIGN (0x4)
 *fill*         0x000000000800851f        0x1 

.rel.dyn        0x0000000008008520        0x0
 .rel.iplt      0x0000000008008520        0x0 c:/st/stm32cubeide_1.1.0/stm32cubeide/plugins/com.st.stm32cube.ide.mcu.externaltools.gnu-tools-for-stm32.7-2018-q2-update.win32_1.5.0.202011040924/tools/bin/../lib/gcc/arm-none-eabi/7.3.1/thumb/v7e-m/fpv4-sp/hard/crtbegin.o

.ARM.extab      0x0000000008008520        0x0
                0x0000000008008520                . = ALIGN (0x4)
 *(.ARM.extab* .gnu.linkonce.armextab.*)
                0x0000000008008520                . = ALIGN (0x4)

.ARM            0x0000000008008520        0x0
                0x0000000008008520                . = ALIGN (0x4)
                0x0000000008008520                __exidx_start = .
 *(.ARM.exidx*)
                0x0000000008008520                __exidx_end = .
                0x0000000008008520                . = ALIGN (0x4)

.preinit_array  0x0000000008008520        0x0
                0x0000000008008520                . = ALIGN (0x4)
                0x0000000008008520                PROVIDE (__preinit_array_start = .)
 *(.preinit_array*)
                0x0000000008008520                PROVIDE (__preinit_array_end = .)
                0x0000000008008520                . = ALIGN (0x4)

.init_array     0x0000000008008520        0x4
                0x0000000008008520                . = ALIGN (0x4)
                0x0000000008008520                PROVIDE (__init_array_start = .)
 *(SORT_BY_NAME(.init_array.*))
 *(.init_array*)
 .init_array    0x0000000008008520        0x4 c:/st/stm32cubeide_1.1.0/stm32cubeide/plugins/com.st.stm32cube.ide.mcu.externaltools.gnu-tools-for-stm32.7-2018-q2-update.win32_1.5.0.202011040924/tools/bin/../lib/gcc/arm-none-eabi/7.3.1/thumb/v7e-m/fpv4-sp/hard/crtbegin.o
                0x0000000008008524                PROVIDE (__init_array_end = .)
                0x0000000008008524                . = ALIGN (0x4)

.fini_array     0x0000000008008524        0x4
                0x0000000008008524                . = ALIGN (0x4)
                [!provide]                        PROVIDE (__fini_array_start = .)
 *(SORT_BY_NAME(.fini_array.*))
 *(.fini_array*)
 .fini_array    0x0000000008008524        0x4 c:/st/stm32cubeide_1.1.0/stm32cubeide/plugins/com.st.stm32cube.ide.mcu.externaltools.gnu-tools-for-stm32.7-2018-q2-update.win32_1.5.0.202011040924/tools/bin/../lib/gcc/arm-none-eabi/7.3.1/thumb/v7e-m/fpv4-sp/hard/crtbegin.o
                [!provide]                        PROVIDE (__fini_array_end = .)
                0x0000000008008528                . = ALIGN (0x4)
                0x0000000008008528                _sidata = LOADADDR (.data)

.data           0x0000000020000000      0x1f4 load address 0x0000000008008528
                0x0000000020000000                . = ALIGN (0x4)
                0x0000000020000000                _sdata = .
 *(.data)
 *(.data*)
 .data.SystemCoreClock
                0x0000000020000000        0x4 Core/Src/system_stm32l4xx.o
                0x0000000020000000                SystemCoreClock
 .data.uwTickPrio
                0x0000000020000004        0x4 Drivers/STM32L4xx_HAL_Driver/Src/stm32l4xx_hal.o
                0x0000000020000004                uwTickPrio
 .data.uwTickFreq
                0x0000000020000008        0x1 Drivers/STM32L4xx_HAL_Driver/Src/stm32l4xx_hal.o
                0x0000000020000008                uwTickFreq
 *fill*         0x0000000020000009        0x3 
 .data.USBD_CDC_DeviceQualifierDesc
                0x000000002000000c        0xa Middlewares/ST/STM32_USB_Device_Library/Class/CDC/Src/usbd_cdc.o
 *fill*         0x0000000020000016        0x2 
 .data.USBD_CDC
                0x0000000020000018       0x38 Middlewares/ST/STM32_USB_Device_Library/Class/CDC/Src/usbd_cdc.o
                0x0000000020000018                USBD_CDC
 .data.USBD_CDC_CfgHSDesc
                0x0000000020000050       0x43 Middlewares/ST/STM32_USB_Device_Library/Class/CDC/Src/usbd_cdc.o
 *fill*         0x0000000020000093        0x1 
 .data.USBD_CDC_CfgFSDesc
                0x0000000020000094       0x43 Middlewares/ST/STM32_USB_Device_Library/Class/CDC/Src/usbd_cdc.o
 *fill*         0x00000000200000d7        0x1 
 .data.USBD_CDC_OtherSpeedCfgDesc
                0x00000000200000d8       0x43 Middlewares/ST/STM32_USB_Device_Library/Class/CDC/Src/usbd_cdc.o
 *fill*         0x000000002000011b        0x1 
 .data.USBD_Interface_fops_FS
                0x000000002000011c       0x14 USB_DEVICE/App/usbd_cdc_if.o
                0x000000002000011c                USBD_Interface_fops_FS
 .data.FS_Desc  0x0000000020000130       0x20 USB_DEVICE/App/usbd_desc.o
                0x0000000020000130                FS_Desc
 .data.USBD_FS_DeviceDesc
                0x0000000020000150       0x12 USB_DEVICE/App/usbd_desc.o
                0x0000000020000150                USBD_FS_DeviceDesc
 *fill*         0x0000000020000162        0x2 
 .data.USBD_FS_BOSDesc
                0x0000000020000164        0xc USB_DEVICE/App/usbd_desc.o
                0x0000000020000164                USBD_FS_BOSDesc
 .data.USBD_LangIDDesc
                0x0000000020000170        0x4 USB_DEVICE/App/usbd_desc.o
                0x0000000020000170                USBD_LangIDDesc
 .data.USBD_StringSerial
                0x0000000020000174       0x1a USB_DEVICE/App/usbd_desc.o
                0x0000000020000174                USBD_StringSerial
 *fill*         0x000000002000018e        0x2 
 .data._impure_ptr
                0x0000000020000190        0x4 c:/st/stm32cubeide_1.1.0/stm32cubeide/plugins/com.st.stm32cube.ide.mcu.externaltools.gnu-tools-for-stm32.7-2018-q2-update.win32_1.5.0.202011040924/tools/bin/../lib/gcc/arm-none-eabi/7.3.1/../../../../arm-none-eabi/lib/thumb/v7e-m/fpv4-sp/hard\libc_nano.a(lib_a-impure.o)
                0x0000000020000190                _impure_ptr
 .data.impure_data
                0x0000000020000194       0x60 c:/st/stm32cubeide_1.1.0/stm32cubeide/plugins/com.st.stm32cube.ide.mcu.externaltools.gnu-tools-for-stm32.7-2018-q2-update.win32_1.5.0.202011040924/tools/bin/../lib/gcc/arm-none-eabi/7.3.1/../../../../arm-none-eabi/lib/thumb/v7e-m/fpv4-sp/hard\libc_nano.a(lib_a-impure.o)
 *(.RamFunc)
 *(.RamFunc*)
                0x00000000200001f4                . = ALIGN (0x4)
                0x00000000200001f4                _edata = .

.igot.plt       0x00000000200001f4        0x0 load address 0x000000000800871c
 .igot.plt      0x00000000200001f4        0x0 c:/st/stm32cubeide_1.1.0/stm32cubeide/plugins/com.st.stm32cube.ide.mcu.externaltools.gnu-tools-for-stm32.7-2018-q2-update.win32_1.5.0.202011040924/tools/bin/../lib/gcc/arm-none-eabi/7.3.1/thumb/v7e-m/fpv4-sp/hard/crtbegin.o
                0x00000000200001f4                . = ALIGN (0x4)

.bss            0x00000000200001f4     0x1958 load address 0x000000000800871c
                0x00000000200001f4                _sbss = .
                0x00000000200001f4                __bss_start__ = _sbss
 *(.bss)
 .bss           0x00000000200001f4       0x1c c:/st/stm32cubeide_1.1.0/stm32cubeide/plugins/com.st.stm32cube.ide.mcu.externaltools.gnu-tools-for-stm32.7-2018-q2-update.win32_1.5.0.202011040924/tools/bin/../lib/gcc/arm-none-eabi/7.3.1/thumb/v7e-m/fpv4-sp/hard/crtbegin.o
 *(.bss*)
 .bss.htim2     0x0000000020000210       0x4c Core/Src/main.o
                0x0000000020000210                htim2
 .bss.__sbrk_heap_end
                0x000000002000025c        0x4 Core/Src/sysmem.o
 .bss.cfgidx.10971
                0x0000000020000260        0x1 Middlewares/ST/STM32_USB_Device_Library/Core/Src/usbd_ctlreq.o
 *fill*         0x0000000020000261        0x3 
 .bss.__malloc_free_list
                0x0000000020000264        0x4 c:/st/stm32cubeide_1.1.0/stm32cubeide/plugins/com.st.stm32cube.ide.mcu.externaltools.gnu-tools-for-stm32.7-2018-q2-update.win32_1.5.0.202011040924/tools/bin/../lib/gcc/arm-none-eabi/7.3.1/../../../../arm-none-eabi/lib/thumb/v7e-m/fpv4-sp/hard\libc_nano.a(lib_a-nano-mallocr.o)
                0x0000000020000264                __malloc_free_list
 .bss.__malloc_sbrk_start
                0x0000000020000268        0x4 c:/st/stm32cubeide_1.1.0/stm32cubeide/plugins/com.st.stm32cube.ide.mcu.externaltools.gnu-tools-for-stm32.7-2018-q2-update.win32_1.5.0.202011040924/tools/bin/../lib/gcc/arm-none-eabi/7.3.1/../../../../arm-none-eabi/lib/thumb/v7e-m/fpv4-sp/hard\libc_nano.a(lib_a-nano-mallocr.o)
                0x0000000020000268                __malloc_sbrk_start
 *(COMMON)
 COMMON         0x000000002000026c        0x4 Drivers/STM32L4xx_HAL_Driver/Src/stm32l4xx_hal.o
                0x000000002000026c                uwTick
 COMMON         0x0000000020000270      0x2d0 USB_DEVICE/App/usb_device.o
                0x0000000020000270                hUsbDeviceFS
 COMMON         0x0000000020000540     0x1000 USB_DEVICE/App/usbd_cdc_if.o
                0x0000000020000540                UserRxBufferFS
                0x0000000020000d40                UserTxBufferFS
 COMMON         0x0000000020001540      0x200 USB_DEVICE/App/usbd_desc.o
                0x0000000020001540                USBD_StrDesc
 COMMON         0x0000000020001740      0x408 USB_DEVICE/Target/usbd_conf.o
                0x0000000020001740                hpcd_USB_OTG_FS
 COMMON         0x0000000020001b48        0x4 c:/st/stm32cubeide_1.1.0/stm32cubeide/plugins/com.st.stm32cube.ide.mcu.externaltools.gnu-tools-for-stm32.7-2018-q2-update.win32_1.5.0.202011040924/tools/bin/../lib/gcc/arm-none-eabi/7.3.1/../../../../arm-none-eabi/lib/thumb/v7e-m/fpv4-sp/hard\libc_nano.a(lib_a-reent.o)
                0x0000000020001b48                errno
                0x0000000020001b4c                . = ALIGN (0x4)
                0x0000000020001b4c                _ebss = .
                0x0000000020001b4c                __bss_end__ = _ebss

._user_heap_stack
                0x0000000020001b4c      0x604 load address 0x000000000800871c
                0x0000000020001b50                . = ALIGN (0x8)
 *fill*         0x0000000020001b4c        0x4 
                [!provide]                        PROVIDE (end = .)
                0x0000000020001b50                PROVIDE (_end = .)
                0x0000000020001d50                . = (. + _Min_Heap_Size)
 *fill*         0x0000000020001b50      0x200 
                0x0000000020002150                . = (. + _Min_Stack_Size)
 *fill*         0x0000000020001d50      0x400 
                0x0000000020002150                . = ALIGN (0x8)

/DISCARD/
 libc.a(*)
 libm.a(*)
 libgcc.a(*)

.ARM.attributes
                0x0000000000000000       0x30
 *(.ARM.attributes)
 .ARM.attributes
                0x0000000000000000       0x22 c:/st/stm32cubeide_1.1.0/stm32cubeide/plugins/com.st.stm32cube.ide.mcu.externaltools.gnu-tools-for-stm32.7-2018-q2-update.win32_1.5.0.202011040924/tools/bin/../lib/gcc/arm-none-eabi/7.3.1/thumb/v7e-m/fpv4-sp/hard/crti.o
 .ARM.attributes
                0x0000000000000022       0x34 c:/st/stm32cubeide_1.1.0/stm32cubeide/plugins/com.st.stm32cube.ide.mcu.externaltools.gnu-tools-for-stm32.7-2018-q2-update.win32_1.5.0.202011040924/tools/bin/../lib/gcc/arm-none-eabi/7.3.1/thumb/v7e-m/fpv4-sp/hard/crtbegin.o
 .ARM.attributes
                0x0000000000000056       0x39 Core/Src/delay.o
 .ARM.attributes
                0x000000000000008f       0x39 Core/Src/main.o
 .ARM.attributes
                0x00000000000000c8       0x39 Core/Src/rffc.o
 .ARM.attributes
                0x0000000000000101       0x39 Core/Src/stm32l4xx_hal_msp.o
 .ARM.attributes
                0x000000000000013a       0x39 Core/Src/stm32l4xx_it.o
 .ARM.attributes
                0x0000000000000173       0x39 Core/Src/sysmem.o
 .ARM.attributes
                0x00000000000001ac       0x39 Core/Src/system_stm32l4xx.o
 .ARM.attributes
                0x00000000000001e5       0x21 Core/Startup/startup_stm32l496zgtx.o
 .ARM.attributes
                0x0000000000000206       0x39 Drivers/STM32L4xx_HAL_Driver/Src/stm32l4xx_hal.o
 .ARM.attributes
                0x000000000000023f       0x39 Drivers/STM32L4xx_HAL_Driver/Src/stm32l4xx_hal_cortex.o
 .ARM.attributes
                0x0000000000000278       0x39 Drivers/STM32L4xx_HAL_Driver/Src/stm32l4xx_hal_gpio.o
 .ARM.attributes
                0x00000000000002b1       0x39 Drivers/STM32L4xx_HAL_Driver/Src/stm32l4xx_hal_pcd.o
 .ARM.attributes
                0x00000000000002ea       0x39 Drivers/STM32L4xx_HAL_Driver/Src/stm32l4xx_hal_pcd_ex.o
 .ARM.attributes
                0x0000000000000323       0x39 Drivers/STM32L4xx_HAL_Driver/Src/stm32l4xx_hal_pwr_ex.o
 .ARM.attributes
                0x000000000000035c       0x39 Drivers/STM32L4xx_HAL_Driver/Src/stm32l4xx_hal_rcc.o
 .ARM.attributes
                0x0000000000000395       0x39 Drivers/STM32L4xx_HAL_Driver/Src/stm32l4xx_hal_rcc_ex.o
 .ARM.attributes
                0x00000000000003ce       0x39 Drivers/STM32L4xx_HAL_Driver/Src/stm32l4xx_hal_tim.o
 .ARM.attributes
                0x0000000000000407       0x39 Drivers/STM32L4xx_HAL_Driver/Src/stm32l4xx_hal_tim_ex.o
 .ARM.attributes
                0x0000000000000440       0x39 Drivers/STM32L4xx_HAL_Driver/Src/stm32l4xx_ll_usb.o
 .ARM.attributes
                0x0000000000000479       0x39 Middlewares/ST/STM32_USB_Device_Library/Class/CDC/Src/usbd_cdc.o
 .ARM.attributes
                0x00000000000004b2       0x39 Middlewares/ST/STM32_USB_Device_Library/Core/Src/usbd_core.o
 .ARM.attributes
                0x00000000000004eb       0x39 Middlewares/ST/STM32_USB_Device_Library/Core/Src/usbd_ctlreq.o
 .ARM.attributes
                0x0000000000000524       0x39 Middlewares/ST/STM32_USB_Device_Library/Core/Src/usbd_ioreq.o
 .ARM.attributes
                0x000000000000055d       0x39 USB_DEVICE/App/usb_device.o
 .ARM.attributes
                0x0000000000000596       0x39 USB_DEVICE/App/usbd_cdc_if.o
 .ARM.attributes
                0x00000000000005cf       0x39 USB_DEVICE/App/usbd_desc.o
 .ARM.attributes
                0x0000000000000608       0x39 USB_DEVICE/Target/usbd_conf.o
 .ARM.attributes
                0x0000000000000641       0x34 c:/st/stm32cubeide_1.1.0/stm32cubeide/plugins/com.st.stm32cube.ide.mcu.externaltools.gnu-tools-for-stm32.7-2018-q2-update.win32_1.5.0.202011040924/tools/bin/../lib/gcc/arm-none-eabi/7.3.1/../../../../arm-none-eabi/lib/thumb/v7e-m/fpv4-sp/hard\libc_nano.a(lib_a-errno.o)
 .ARM.attributes
                0x0000000000000675       0x34 c:/st/stm32cubeide_1.1.0/stm32cubeide/plugins/com.st.stm32cube.ide.mcu.externaltools.gnu-tools-for-stm32.7-2018-q2-update.win32_1.5.0.202011040924/tools/bin/../lib/gcc/arm-none-eabi/7.3.1/../../../../arm-none-eabi/lib/thumb/v7e-m/fpv4-sp/hard\libc_nano.a(lib_a-impure.o)
 .ARM.attributes
                0x00000000000006a9       0x34 c:/st/stm32cubeide_1.1.0/stm32cubeide/plugins/com.st.stm32cube.ide.mcu.externaltools.gnu-tools-for-stm32.7-2018-q2-update.win32_1.5.0.202011040924/tools/bin/../lib/gcc/arm-none-eabi/7.3.1/../../../../arm-none-eabi/lib/thumb/v7e-m/fpv4-sp/hard\libc_nano.a(lib_a-init.o)
 .ARM.attributes
                0x00000000000006dd       0x34 c:/st/stm32cubeide_1.1.0/stm32cubeide/plugins/com.st.stm32cube.ide.mcu.externaltools.gnu-tools-for-stm32.7-2018-q2-update.win32_1.5.0.202011040924/tools/bin/../lib/gcc/arm-none-eabi/7.3.1/../../../../arm-none-eabi/lib/thumb/v7e-m/fpv4-sp/hard\libc_nano.a(lib_a-malloc.o)
 .ARM.attributes
                0x0000000000000711       0x34 c:/st/stm32cubeide_1.1.0/stm32cubeide/plugins/com.st.stm32cube.ide.mcu.externaltools.gnu-tools-for-stm32.7-2018-q2-update.win32_1.5.0.202011040924/tools/bin/../lib/gcc/arm-none-eabi/7.3.1/../../../../arm-none-eabi/lib/thumb/v7e-m/fpv4-sp/hard\libc_nano.a(lib_a-memset.o)
 .ARM.attributes
                0x0000000000000745       0x34 c:/st/stm32cubeide_1.1.0/stm32cubeide/plugins/com.st.stm32cube.ide.mcu.externaltools.gnu-tools-for-stm32.7-2018-q2-update.win32_1.5.0.202011040924/tools/bin/../lib/gcc/arm-none-eabi/7.3.1/../../../../arm-none-eabi/lib/thumb/v7e-m/fpv4-sp/hard\libc_nano.a(lib_a-nano-freer.o)
 .ARM.attributes
                0x0000000000000779       0x34 c:/st/stm32cubeide_1.1.0/stm32cubeide/plugins/com.st.stm32cube.ide.mcu.externaltools.gnu-tools-for-stm32.7-2018-q2-update.win32_1.5.0.202011040924/tools/bin/../lib/gcc/arm-none-eabi/7.3.1/../../../../arm-none-eabi/lib/thumb/v7e-m/fpv4-sp/hard\libc_nano.a(lib_a-nano-mallocr.o)
 .ARM.attributes
                0x00000000000007ad       0x34 c:/st/stm32cubeide_1.1.0/stm32cubeide/plugins/com.st.stm32cube.ide.mcu.externaltools.gnu-tools-for-stm32.7-2018-q2-update.win32_1.5.0.202011040924/tools/bin/../lib/gcc/arm-none-eabi/7.3.1/../../../../arm-none-eabi/lib/thumb/v7e-m/fpv4-sp/hard\libc_nano.a(lib_a-sbrkr.o)
 .ARM.attributes
                0x00000000000007e1       0x34 c:/st/stm32cubeide_1.1.0/stm32cubeide/plugins/com.st.stm32cube.ide.mcu.externaltools.gnu-tools-for-stm32.7-2018-q2-update.win32_1.5.0.202011040924/tools/bin/../lib/gcc/arm-none-eabi/7.3.1/../../../../arm-none-eabi/lib/thumb/v7e-m/fpv4-sp/hard\libc_nano.a(lib_a-sprintf.o)
 .ARM.attributes
                0x0000000000000815       0x1b c:/st/stm32cubeide_1.1.0/stm32cubeide/plugins/com.st.stm32cube.ide.mcu.externaltools.gnu-tools-for-stm32.7-2018-q2-update.win32_1.5.0.202011040924/tools/bin/../lib/gcc/arm-none-eabi/7.3.1/../../../../arm-none-eabi/lib/thumb/v7e-m/fpv4-sp/hard\libc_nano.a(lib_a-strlen.o)
 .ARM.attributes
                0x0000000000000830       0x34 c:/st/stm32cubeide_1.1.0/stm32cubeide/plugins/com.st.stm32cube.ide.mcu.externaltools.gnu-tools-for-stm32.7-2018-q2-update.win32_1.5.0.202011040924/tools/bin/../lib/gcc/arm-none-eabi/7.3.1/../../../../arm-none-eabi/lib/thumb/v7e-m/fpv4-sp/hard\libc_nano.a(lib_a-mlock.o)
 .ARM.attributes
                0x0000000000000864       0x34 c:/st/stm32cubeide_1.1.0/stm32cubeide/plugins/com.st.stm32cube.ide.mcu.externaltools.gnu-tools-for-stm32.7-2018-q2-update.win32_1.5.0.202011040924/tools/bin/../lib/gcc/arm-none-eabi/7.3.1/../../../../arm-none-eabi/lib/thumb/v7e-m/fpv4-sp/hard\libc_nano.a(lib_a-nano-svfprintf.o)
 .ARM.attributes
                0x0000000000000898       0x34 c:/st/stm32cubeide_1.1.0/stm32cubeide/plugins/com.st.stm32cube.ide.mcu.externaltools.gnu-tools-for-stm32.7-2018-q2-update.win32_1.5.0.202011040924/tools/bin/../lib/gcc/arm-none-eabi/7.3.1/../../../../arm-none-eabi/lib/thumb/v7e-m/fpv4-sp/hard\libc_nano.a(lib_a-nano-vfprintf_i.o)
 .ARM.attributes
                0x00000000000008cc       0x34 c:/st/stm32cubeide_1.1.0/stm32cubeide/plugins/com.st.stm32cube.ide.mcu.externaltools.gnu-tools-for-stm32.7-2018-q2-update.win32_1.5.0.202011040924/tools/bin/../lib/gcc/arm-none-eabi/7.3.1/../../../../arm-none-eabi/lib/thumb/v7e-m/fpv4-sp/hard\libc_nano.a(lib_a-reent.o)
 .ARM.attributes
                0x0000000000000900       0x20 c:/st/stm32cubeide_1.1.0/stm32cubeide/plugins/com.st.stm32cube.ide.mcu.externaltools.gnu-tools-for-stm32.7-2018-q2-update.win32_1.5.0.202011040924/tools/bin/../lib/gcc/arm-none-eabi/7.3.1/../../../../arm-none-eabi/lib/thumb/v7e-m/fpv4-sp/hard\libc_nano.a(lib_a-memchr.o)
 .ARM.attributes
                0x0000000000000920       0x34 c:/st/stm32cubeide_1.1.0/stm32cubeide/plugins/com.st.stm32cube.ide.mcu.externaltools.gnu-tools-for-stm32.7-2018-q2-update.win32_1.5.0.202011040924/tools/bin/../lib/gcc/arm-none-eabi/7.3.1/../../../../arm-none-eabi/lib/thumb/v7e-m/fpv4-sp/hard\libc_nano.a(lib_a-memcpy-stub.o)
 .ARM.attributes
                0x0000000000000954       0x34 c:/st/stm32cubeide_1.1.0/stm32cubeide/plugins/com.st.stm32cube.ide.mcu.externaltools.gnu-tools-for-stm32.7-2018-q2-update.win32_1.5.0.202011040924/tools/bin/../lib/gcc/arm-none-eabi/7.3.1/../../../../arm-none-eabi/lib/thumb/v7e-m/fpv4-sp/hard\libc_nano.a(lib_a-memmove.o)
 .ARM.attributes
                0x0000000000000988       0x34 c:/st/stm32cubeide_1.1.0/stm32cubeide/plugins/com.st.stm32cube.ide.mcu.externaltools.gnu-tools-for-stm32.7-2018-q2-update.win32_1.5.0.202011040924/tools/bin/../lib/gcc/arm-none-eabi/7.3.1/../../../../arm-none-eabi/lib/thumb/v7e-m/fpv4-sp/hard\libc_nano.a(lib_a-nano-reallocr.o)
 .ARM.attributes
                0x00000000000009bc       0x34 c:/st/stm32cubeide_1.1.0/stm32cubeide/plugins/com.st.stm32cube.ide.mcu.externaltools.gnu-tools-for-stm32.7-2018-q2-update.win32_1.5.0.202011040924/tools/bin/../lib/gcc/arm-none-eabi/7.3.1/../../../../arm-none-eabi/lib/thumb/v7e-m/fpv4-sp/hard\libc_nano.a(lib_a-nano-msizer.o)
 .ARM.attributes
                0x00000000000009f0       0x22 c:/st/stm32cubeide_1.1.0/stm32cubeide/plugins/com.st.stm32cube.ide.mcu.externaltools.gnu-tools-for-stm32.7-2018-q2-update.win32_1.5.0.202011040924/tools/bin/../lib/gcc/arm-none-eabi/7.3.1/thumb/v7e-m/fpv4-sp/hard/crtn.o
OUTPUT(rftune.elf elf32-littlearm)

.debug_info     0x0000000000000000    0x1d025
 .debug_info    0x0000000000000000      0x89c Core/Src/delay.o
 .debug_info    0x000000000000089c     0x272b Core/Src/main.o
 .debug_info    0x0000000000002fc7      0xdb4 Core/Src/rffc.o
 .debug_info    0x0000000000003d7b      0xae5 Core/Src/stm32l4xx_hal_msp.o
 .debug_info    0x0000000000004860      0x804 Core/Src/stm32l4xx_it.o
 .debug_info    0x0000000000005064      0x985 Core/Src/sysmem.o
 .debug_info    0x00000000000059e9      0x741 Core/Src/system_stm32l4xx.o
 .debug_info    0x000000000000612a       0x22 Core/Startup/startup_stm32l496zgtx.o
 .debug_info    0x000000000000614c      0xc7d Drivers/STM32L4xx_HAL_Driver/Src/stm32l4xx_hal.o
 .debug_info    0x0000000000006dc9      0xfa3 Drivers/STM32L4xx_HAL_Driver/Src/stm32l4xx_hal_cortex.o
 .debug_info    0x0000000000007d6c      0x9dc Drivers/STM32L4xx_HAL_Driver/Src/stm32l4xx_hal_gpio.o
 .debug_info    0x0000000000008748     0x12c1 Drivers/STM32L4xx_HAL_Driver/Src/stm32l4xx_hal_pcd.o
 .debug_info    0x0000000000009a09      0xa06 Drivers/STM32L4xx_HAL_Driver/Src/stm32l4xx_hal_pcd_ex.o
 .debug_info    0x000000000000a40f      0xb4f Drivers/STM32L4xx_HAL_Driver/Src/stm32l4xx_hal_pwr_ex.o
 .debug_info    0x000000000000af5e      0xd56 Drivers/STM32L4xx_HAL_Driver/Src/stm32l4xx_hal_rcc.o
 .debug_info    0x000000000000bcb4     0x11cc Drivers/STM32L4xx_HAL_Driver/Src/stm32l4xx_hal_rcc_ex.o
 .debug_info    0x000000000000ce80     0x2a61 Drivers/STM32L4xx_HAL_Driver/Src/stm32l4xx_hal_tim.o
 .debug_info    0x000000000000f8e1     0x167e Drivers/STM32L4xx_HAL_Driver/Src/stm32l4xx_hal_tim_ex.o
 .debug_info    0x0000000000010f5f     0x1a46 Drivers/STM32L4xx_HAL_Driver/Src/stm32l4xx_ll_usb.o
 .debug_info    0x00000000000129a5     0x198c Middlewares/ST/STM32_USB_Device_Library/Class/CDC/Src/usbd_cdc.o
 .debug_info    0x0000000000014331     0x13be Middlewares/ST/STM32_USB_Device_Library/Core/Src/usbd_core.o
 .debug_info    0x00000000000156ef     0x1388 Middlewares/ST/STM32_USB_Device_Library/Core/Src/usbd_ctlreq.o
 .debug_info    0x0000000000016a77     0x10d3 Middlewares/ST/STM32_USB_Device_Library/Core/Src/usbd_ioreq.o
 .debug_info    0x0000000000017b4a     0x1046 USB_DEVICE/App/usb_device.o
 .debug_info    0x0000000000018b90     0x1258 USB_DEVICE/App/usbd_cdc_if.o
 .debug_info    0x0000000000019de8      0xec6 USB_DEVICE/App/usbd_desc.o
 .debug_info    0x000000000001acae     0x2377 USB_DEVICE/Target/usbd_conf.o

.debug_abbrev   0x0000000000000000     0x3a06
 .debug_abbrev  0x0000000000000000      0x16f Core/Src/delay.o
 .debug_abbrev  0x000000000000016f      0x400 Core/Src/main.o
 .debug_abbrev  0x000000000000056f      0x268 Core/Src/rffc.o
 .debug_abbrev  0x00000000000007d7      0x18e Core/Src/stm32l4xx_hal_msp.o
 .debug_abbrev  0x0000000000000965      0x164 Core/Src/stm32l4xx_it.o
 .debug_abbrev  0x0000000000000ac9      0x19b Core/Src/sysmem.o
 .debug_abbrev  0x0000000000000c64      0x150 Core/Src/system_stm32l4xx.o
 .debug_abbrev  0x0000000000000db4       0x12 Core/Startup/startup_stm32l496zgtx.o
 .debug_abbrev  0x0000000000000dc6      0x1fb Drivers/STM32L4xx_HAL_Driver/Src/stm32l4xx_hal.o
 .debug_abbrev  0x0000000000000fc1      0x2fa Drivers/STM32L4xx_HAL_Driver/Src/stm32l4xx_hal_cortex.o
 .debug_abbrev  0x00000000000012bb      0x1c0 Drivers/STM32L4xx_HAL_Driver/Src/stm32l4xx_hal_gpio.o
 .debug_abbrev  0x000000000000147b      0x266 Drivers/STM32L4xx_HAL_Driver/Src/stm32l4xx_hal_pcd.o
 .debug_abbrev  0x00000000000016e1      0x214 Drivers/STM32L4xx_HAL_Driver/Src/stm32l4xx_hal_pcd_ex.o
 .debug_abbrev  0x00000000000018f5      0x1cb Drivers/STM32L4xx_HAL_Driver/Src/stm32l4xx_hal_pwr_ex.o
 .debug_abbrev  0x0000000000001ac0      0x245 Drivers/STM32L4xx_HAL_Driver/Src/stm32l4xx_hal_rcc.o
 .debug_abbrev  0x0000000000001d05      0x238 Drivers/STM32L4xx_HAL_Driver/Src/stm32l4xx_hal_rcc_ex.o
 .debug_abbrev  0x0000000000001f3d      0x230 Drivers/STM32L4xx_HAL_Driver/Src/stm32l4xx_hal_tim.o
 .debug_abbrev  0x000000000000216d      0x236 Drivers/STM32L4xx_HAL_Driver/Src/stm32l4xx_hal_tim_ex.o
 .debug_abbrev  0x00000000000023a3      0x26d Drivers/STM32L4xx_HAL_Driver/Src/stm32l4xx_ll_usb.o
 .debug_abbrev  0x0000000000002610      0x2bc Middlewares/ST/STM32_USB_Device_Library/Class/CDC/Src/usbd_cdc.o
 .debug_abbrev  0x00000000000028cc      0x27d Middlewares/ST/STM32_USB_Device_Library/Core/Src/usbd_core.o
 .debug_abbrev  0x0000000000002b49      0x2ba Middlewares/ST/STM32_USB_Device_Library/Core/Src/usbd_ctlreq.o
 .debug_abbrev  0x0000000000002e03      0x1fc Middlewares/ST/STM32_USB_Device_Library/Core/Src/usbd_ioreq.o
 .debug_abbrev  0x0000000000002fff      0x1da USB_DEVICE/App/usb_device.o
 .debug_abbrev  0x00000000000031d9      0x2ca USB_DEVICE/App/usbd_cdc_if.o
 .debug_abbrev  0x00000000000034a3      0x265 USB_DEVICE/App/usbd_desc.o
 .debug_abbrev  0x0000000000003708      0x2fe USB_DEVICE/Target/usbd_conf.o

.debug_aranges  0x0000000000000000     0x13e8
 .debug_aranges
                0x0000000000000000       0x20 Core/Src/delay.o
 .debug_aranges
                0x0000000000000020       0x58 Core/Src/main.o
 .debug_aranges
                0x0000000000000078       0x50 Core/Src/rffc.o
 .debug_aranges
                0x00000000000000c8       0x30 Core/Src/stm32l4xx_hal_msp.o
 .debug_aranges
                0x00000000000000f8       0x68 Core/Src/stm32l4xx_it.o
 .debug_aranges
                0x0000000000000160       0x20 Core/Src/sysmem.o
 .debug_aranges
                0x0000000000000180       0x28 Core/Src/system_stm32l4xx.o
 .debug_aranges
                0x00000000000001a8       0x28 Core/Startup/startup_stm32l496zgtx.o
 .debug_aranges
                0x00000000000001d0      0x130 Drivers/STM32L4xx_HAL_Driver/Src/stm32l4xx_hal.o
 .debug_aranges
                0x0000000000000300      0x118 Drivers/STM32L4xx_HAL_Driver/Src/stm32l4xx_hal_cortex.o
 .debug_aranges
                0x0000000000000418       0x58 Drivers/STM32L4xx_HAL_Driver/Src/stm32l4xx_hal_gpio.o
 .debug_aranges
                0x0000000000000470      0x130 Drivers/STM32L4xx_HAL_Driver/Src/stm32l4xx_hal_pcd.o
 .debug_aranges
                0x00000000000005a0       0x60 Drivers/STM32L4xx_HAL_Driver/Src/stm32l4xx_hal_pcd_ex.o
 .debug_aranges
                0x0000000000000600      0x150 Drivers/STM32L4xx_HAL_Driver/Src/stm32l4xx_hal_pwr_ex.o
 .debug_aranges
                0x0000000000000750       0x88 Drivers/STM32L4xx_HAL_Driver/Src/stm32l4xx_hal_rcc.o
 .debug_aranges
                0x00000000000007d8      0x108 Drivers/STM32L4xx_HAL_Driver/Src/stm32l4xx_hal_rcc_ex.o
 .debug_aranges
                0x00000000000008e0      0x3e0 Drivers/STM32L4xx_HAL_Driver/Src/stm32l4xx_hal_tim.o
 .debug_aranges
                0x0000000000000cc0      0x180 Drivers/STM32L4xx_HAL_Driver/Src/stm32l4xx_hal_tim_ex.o
 .debug_aranges
                0x0000000000000e40      0x198 Drivers/STM32L4xx_HAL_Driver/Src/stm32l4xx_ll_usb.o
 .debug_aranges
                0x0000000000000fd8       0x90 Middlewares/ST/STM32_USB_Device_Library/Class/CDC/Src/usbd_cdc.o
 .debug_aranges
                0x0000000000001068       0xb8 Middlewares/ST/STM32_USB_Device_Library/Core/Src/usbd_core.o
 .debug_aranges
                0x0000000000001120       0x90 Middlewares/ST/STM32_USB_Device_Library/Core/Src/usbd_ctlreq.o
 .debug_aranges
                0x00000000000011b0       0x50 Middlewares/ST/STM32_USB_Device_Library/Core/Src/usbd_ioreq.o
 .debug_aranges
                0x0000000000001200       0x20 USB_DEVICE/App/usb_device.o
 .debug_aranges
                0x0000000000001220       0x48 USB_DEVICE/App/usbd_cdc_if.o
 .debug_aranges
                0x0000000000001268       0x68 USB_DEVICE/App/usbd_desc.o
 .debug_aranges
                0x00000000000012d0      0x118 USB_DEVICE/Target/usbd_conf.o

.debug_ranges   0x0000000000000000     0x1240
 .debug_ranges  0x0000000000000000       0x10 Core/Src/delay.o
 .debug_ranges  0x0000000000000010       0x48 Core/Src/main.o
 .debug_ranges  0x0000000000000058       0x40 Core/Src/rffc.o
 .debug_ranges  0x0000000000000098       0x20 Core/Src/stm32l4xx_hal_msp.o
 .debug_ranges  0x00000000000000b8       0x58 Core/Src/stm32l4xx_it.o
 .debug_ranges  0x0000000000000110       0x10 Core/Src/sysmem.o
 .debug_ranges  0x0000000000000120       0x18 Core/Src/system_stm32l4xx.o
 .debug_ranges  0x0000000000000138       0x20 Core/Startup/startup_stm32l496zgtx.o
 .debug_ranges  0x0000000000000158      0x120 Drivers/STM32L4xx_HAL_Driver/Src/stm32l4xx_hal.o
 .debug_ranges  0x0000000000000278      0x108 Drivers/STM32L4xx_HAL_Driver/Src/stm32l4xx_hal_cortex.o
 .debug_ranges  0x0000000000000380       0x48 Drivers/STM32L4xx_HAL_Driver/Src/stm32l4xx_hal_gpio.o
 .debug_ranges  0x00000000000003c8      0x120 Drivers/STM32L4xx_HAL_Driver/Src/stm32l4xx_hal_pcd.o
 .debug_ranges  0x00000000000004e8       0x50 Drivers/STM32L4xx_HAL_Driver/Src/stm32l4xx_hal_pcd_ex.o
 .debug_ranges  0x0000000000000538      0x140 Drivers/STM32L4xx_HAL_Driver/Src/stm32l4xx_hal_pwr_ex.o
 .debug_ranges  0x0000000000000678       0x78 Drivers/STM32L4xx_HAL_Driver/Src/stm32l4xx_hal_rcc.o
 .debug_ranges  0x00000000000006f0       0xf8 Drivers/STM32L4xx_HAL_Driver/Src/stm32l4xx_hal_rcc_ex.o
 .debug_ranges  0x00000000000007e8      0x3d0 Drivers/STM32L4xx_HAL_Driver/Src/stm32l4xx_hal_tim.o
 .debug_ranges  0x0000000000000bb8      0x170 Drivers/STM32L4xx_HAL_Driver/Src/stm32l4xx_hal_tim_ex.o
 .debug_ranges  0x0000000000000d28      0x188 Drivers/STM32L4xx_HAL_Driver/Src/stm32l4xx_ll_usb.o
 .debug_ranges  0x0000000000000eb0       0x80 Middlewares/ST/STM32_USB_Device_Library/Class/CDC/Src/usbd_cdc.o
 .debug_ranges  0x0000000000000f30       0xa8 Middlewares/ST/STM32_USB_Device_Library/Core/Src/usbd_core.o
 .debug_ranges  0x0000000000000fd8       0x80 Middlewares/ST/STM32_USB_Device_Library/Core/Src/usbd_ctlreq.o
 .debug_ranges  0x0000000000001058       0x40 Middlewares/ST/STM32_USB_Device_Library/Core/Src/usbd_ioreq.o
 .debug_ranges  0x0000000000001098       0x10 USB_DEVICE/App/usb_device.o
 .debug_ranges  0x00000000000010a8       0x38 USB_DEVICE/App/usbd_cdc_if.o
 .debug_ranges  0x00000000000010e0       0x58 USB_DEVICE/App/usbd_desc.o
 .debug_ranges  0x0000000000001138      0x108 USB_DEVICE/Target/usbd_conf.o

.debug_macro    0x0000000000000000    0x2ec0c
 .debug_macro   0x0000000000000000      0x20b Core/Src/delay.o
 .debug_macro   0x000000000000020b      0xb32 Core/Src/delay.o
 .debug_macro   0x0000000000000d3d      0x1ad Core/Src/delay.o
 .debug_macro   0x0000000000000eea       0x2e Core/Src/delay.o
 .debug_macro   0x0000000000000f18       0x28 Core/Src/delay.o
 .debug_macro   0x0000000000000f40       0x1c Core/Src/delay.o